Component: ARM Compiler 5.06 update 6 (build 750) Tool: armlink [4d35ed]

==============================================================================

Section Cross References

    main.o(i.main) refers to _printf_percent.o(.ARM.Collect$$_printf_percent$$00000000) for _printf_percent
    main.o(i.main) refers to _printf_d.o(.ARM.Collect$$_printf_percent$$00000009) for _printf_d
    main.o(i.main) refers to _printf_dec.o(.text) for _printf_int_dec
    main.o(i.main) refers to joystick_open1768.o(i.Joystick_Initialize) for Joystick_Initialize
    main.o(i.main) refers to uart.o(i.initUart) for initUart
    main.o(i.main) refers to graphics.o(i.initGraphics) for initGraphics
    main.o(i.main) refers to graphics.o(i.fillWindow) for fillWindow
    main.o(i.main) refers to i2c.o(i.I2CInit) for I2CInit
    main.o(i.main) refers to gyro.o(i.initGyro) for initGyro
    main.o(i.main) refers to uart.o(i.writeString) for writeString
    main.o(i.main) refers to menu.o(i.drawMainMenu) for drawMainMenu
    main.o(i.main) refers to maze.o(i.clearCells) for clearCells
    main.o(i.main) refers to maze.o(i.initPositions) for initPositions
    main.o(i.main) refers to maze.o(i.initStack) for initStack
    main.o(i.main) refers to maze.o(i.initMaze) for initMaze
    main.o(i.main) refers to player.o(i.initPlayer) for initPlayer
    main.o(i.main) refers to maze.o(i.generateMaze) for generateMaze
    main.o(i.main) refers to menu.o(i.updateMainMenu) for updateMainMenu
    main.o(i.main) refers to menu.o(i.updateSelectSize) for updateSelectSize
    main.o(i.main) refers to mazegraphic.o(i.drawMaze) for drawMaze
    main.o(i.main) refers to mazegraphic.o(i.drawPlayer) for drawPlayer
    main.o(i.main) refers to joystick_open1768.o(i.Joystick_GetState) for Joystick_GetState
    main.o(i.main) refers to player.o(i.checkIfCouldMove) for checkIfCouldMove
    main.o(i.main) refers to player.o(i.movePlayer) for movePlayer
    main.o(i.main) refers to gyro.o(i.getData) for getData
    main.o(i.main) refers to noretval__2sprintf.o(.text) for __2sprintf
    main.o(i.main) refers to main.o(.bss) for cells
    main.o(i.main) refers to menu.o(.data) for appState
    graphics.o(i.drawLine) refers to graphics.o(i.get_abs) for get_abs
    graphics.o(i.drawLine) refers to open1768_lcd.o(i.lcdWriteReg) for lcdWriteReg
    graphics.o(i.drawLiterka) refers to asciilib.o(i.GetASCIICode) for GetASCIICode
    graphics.o(i.drawLiterka) refers to open1768_lcd.o(i.lcdWriteReg) for lcdWriteReg
    graphics.o(i.drawRectangle) refers to open1768_lcd.o(i.lcdWriteReg) for lcdWriteReg
    graphics.o(i.drawRectangle) refers to open1768_lcd.o(i.lcdWriteData) for lcdWriteData
    graphics.o(i.drawSquare) refers to graphics.o(i.drawRectangle) for drawRectangle
    graphics.o(i.drawString) refers to graphics.o(i.drawLiterka) for drawLiterka
    graphics.o(i.fillWindow) refers to open1768_lcd.o(i.lcdWriteReg) for lcdWriteReg
    graphics.o(i.fillWindow) refers to open1768_lcd.o(i.lcdWriteData) for lcdWriteData
    graphics.o(i.initGraphics) refers to open1768_lcd.o(i.lcdConfiguration) for lcdConfiguration
    graphics.o(i.initGraphics) refers to lcd_ili9325.o(i.init_ILI9325) for init_ILI9325
    maze.o(i.addPositions) refers to maze.o(i.preparePosition) for preparePosition
    maze.o(i.findCellByPosition) refers to maze.o(i.getIndexFromPosition) for getIndexFromPosition
    maze.o(i.generateMaze) refers to maze.o(i.getUnvisitedNeighbor) for getUnvisitedNeighbor
    maze.o(i.generateMaze) refers to maze.o(i.stackEmpty) for stackEmpty
    maze.o(i.generateMaze) refers to maze.o(i.setWalls) for setWalls
    maze.o(i.generateMaze) refers to maze.o(i.stackPush) for stackPush
    maze.o(i.generateMaze) refers to maze.o(i.getPositionFromIndex) for getPositionFromIndex
    maze.o(i.generateMaze) refers to maze.o(i.stackPop) for stackPop
    maze.o(i.generateMaze) refers to maze.o(i.getIndexFromPosition) for getIndexFromPosition
    maze.o(i.generateMaze) refers to maze.o(.data) for counter
    maze.o(i.generateRandomValue) refers to maze.o(.constdata) for .constdata
    maze.o(i.generateRandomValue) refers to maze.o(.data) for x
    maze.o(i.getNeighborIndex) refers to maze.o(i.generateRandomValue) for generateRandomValue
    maze.o(i.getNeighborIndex) refers to maze.o(i.swapArrayElements) for swapArrayElements
    maze.o(i.getPotentialNeighborsInRandomOrder) refers to maze.o(i.preparePosition) for preparePosition
    maze.o(i.getPotentialNeighborsInRandomOrder) refers to maze.o(i.getNeighborIndex) for getNeighborIndex
    maze.o(i.getPotentialNeighborsInRandomOrder) refers to maze.o(.constdata) for .constdata
    maze.o(i.getUnvisitedNeighbor) refers to maze.o(i.getPotentialNeighborsInRandomOrder) for getPotentialNeighborsInRandomOrder
    maze.o(i.getUnvisitedNeighbor) refers to maze.o(i.inMazeBoundaries) for inMazeBoundaries
    maze.o(i.getUnvisitedNeighbor) refers to maze.o(i.notInVisitedPositions) for notInVisitedPositions
[...]
    __printf_flags.o(.text) refers to _printf_percent.o(.ARM.Collect$$_printf_percent$$00000000) for _printf_percent
    __printf_flags.o(.text) refers to __printf_flags.o(.constdata) for .constdata
    __printf_ss.o(.text) refers to _printf_percent.o(.ARM.Collect$$_printf_percent$$00000000) for _printf_percent
    __printf_flags_ss.o(.text) refers to _printf_percent.o(.ARM.Collect$$_printf_percent$$00000000) for _printf_percent
    __printf_flags_ss.o(.text) refers to __printf_flags_ss.o(.constdata) for .constdata
    __printf_wp.o(.text) refers to __printf_wp.o(i._is_digit) for _is_digit
    __printf_wp.o(.text) refers to _printf_percent.o(.ARM.Collect$$_printf_percent$$00000000) for _printf_percent
    __printf_flags_wp.o(.text) refers to __printf_wp.o(i._is_digit) for _is_digit
    __printf_flags_wp.o(.text) refers to _printf_percent.o(.ARM.Collect$$_printf_percent$$00000000) for _printf_percent
    __printf_flags_wp.o(.text) refers to __printf_flags_wp.o(.constdata) for .constdata
    __printf_ss_wp.o(.text) refers to __printf_wp.o(i._is_digit) for _is_digit
    __printf_ss_wp.o(.text) refers to _printf_percent.o(.ARM.Collect$$_printf_percent$$00000000) for _printf_percent
    __printf_flags_ss_wp.o(.text) refers to __printf_wp.o(i._is_digit) for _is_digit
    __printf_flags_ss_wp.o(.text) refers to _printf_percent.o(.ARM.Collect$$_printf_percent$$00000000) for _printf_percent
    __printf_flags_ss_wp.o(.text) refers to __printf_flags_ss_wp.o(.constdata) for .constdata
    _printf_d.o(.ARM.Collect$$_printf_percent$$00000009) refers (Weak) to _printf_dec.o(.text) for _printf_int_dec
    _printf_percent.o(.ARM.Collect$$_printf_percent$$00000000) refers (Special) to _printf_percent_end.o(.ARM.Collect$$_printf_percent$$00000017) for _printf_percent_end
    rt_memcpy_v6.o(.text) refers to rt_memcpy_w.o(.text) for __aeabi_memcpy4
    __main.o(!!!main) refers to __rtentry.o(.ARM.Collect$$rtentry$$00000000) for __rt_entry
    __rtentry.o(.ARM.Collect$$rtentry$$00000000) refers (Special) to __rtentry2.o(.ARM.Collect$$rtentry$$0000000A) for __rt_entry_li
    __rtentry.o(.ARM.Collect$$rtentry$$00000000) refers (Special) to __rtentry2.o(.ARM.Collect$$rtentry$$0000000D) for __rt_entry_main
    __rtentry.o(.ARM.Collect$$rtentry$$00000000) refers (Special) to __rtentry2.o(.ARM.Collect$$rtentry$$0000000C) for __rt_entry_postli_1
    __rtentry.o(.ARM.Collect$$rtentry$$00000000) refers (Special) to __rtentry2.o(.ARM.Collect$$rtentry$$00000009) for __rt_entry_postsh_1
    __rtentry.o(.ARM.Collect$$rtentry$$00000000) refers (Special) to __rtentry2.o(.ARM.Collect$$rtentry$$00000002) for __rt_entry_presh_1
    __rtentry.o(.ARM.Collect$$rtentry$$00000000) refers (Special) to __rtentry4.o(.ARM.Collect$$rtentry$$00000004) for __rt_entry_sh
    aeabi_ldiv0_sigfpe.o(.text) refers to rt_div0.o(.text) for __rt_div0
    _printf_char_common.o(.text) refers to __printf.o(.text) for __printf
    __rtentry2.o(.ARM.Collect$$rtentry$$00000008) refers to boardinit2.o(.text) for _platform_post_stackheap_init
    __rtentry2.o(.ARM.Collect$$rtentry$$0000000A) refers to libinit.o(.ARM.Collect$$libinit$$00000000) for __rt_lib_init
    __rtentry2.o(.ARM.Collect$$rtentry$$0000000B) refers to boardinit3.o(.text) for _platform_post_lib_init
    __rtentry2.o(.ARM.Collect$$rtentry$$0000000D) refers to main.o(i.main) for main
    __rtentry2.o(.ARM.Collect$$rtentry$$0000000D) refers to exit.o(.text) for exit
    __rtentry2.o(.ARM.exidx) refers to __rtentry2.o(.ARM.Collect$$rtentry$$00000001) for .ARM.Collect$$rtentry$$00000001
    __rtentry2.o(.ARM.exidx) refers to __rtentry2.o(.ARM.Collect$$rtentry$$00000008) for .ARM.Collect$$rtentry$$00000008
    __rtentry2.o(.ARM.exidx) refers to __rtentry2.o(.ARM.Collect$$rtentry$$0000000A) for .ARM.Collect$$rtentry$$0000000A
    __rtentry2.o(.ARM.exidx) refers to __rtentry2.o(.ARM.Collect$$rtentry$$0000000B) for .ARM.Collect$$rtentry$$0000000B
    __rtentry2.o(.ARM.exidx) refers to __rtentry2.o(.ARM.Collect$$rtentry$$0000000D) for .ARM.Collect$$rtentry$$0000000D
    __rtentry4.o(.ARM.Collect$$rtentry$$00000004) refers to sys_stackheap_outer.o(.text) for __user_setup_stackheap
    __rtentry4.o(.ARM.exidx) refers to __rtentry4.o(.ARM.Collect$$rtentry$$00000004) for .ARM.Collect$$rtentry$$00000004
    rt_div0.o(.text) refers to defsig_fpe_outer.o(.text) for __rt_SIGFPE
    sys_stackheap_outer.o(.text) refers to libspace.o(.text) for __user_perproc_libspace
    sys_stackheap_outer.o(.text) refers to startup_lpc17xx.o(.text) for __user_initial_stackheap
    exit.o(.text) refers to rtexit.o(.ARM.Collect$$rtexit$$00000000) for __rt_exit
    defsig_fpe_outer.o(.text) refers to defsig_fpe_inner.o(.text) for __rt_SIGFPE_inner
    defsig_fpe_outer.o(.text) refers to defsig_exit.o(.text) for __sig_exit
    defsig_fpe_formal.o(.text) refers to rt_raise.o(.text) for __rt_raise
    libinit.o(.ARM.Collect$$libinit$$00000000) refers (Special) to libinit2.o(.ARM.Collect$$libinit$$0000002E) for __rt_lib_init_alloca_1
    libinit.o(.ARM.Collect$$libinit$$00000000) refers (Special) to libinit2.o(.ARM.Collect$$libinit$$0000002C) for __rt_lib_init_argv_1
    libinit.o(.ARM.Collect$$libinit$$00000000) refers (Special) to libinit2.o(.ARM.Collect$$libinit$$0000001B) for __rt_lib_init_atexit_1
    libinit.o(.ARM.Collect$$libinit$$00000000) refers (Special) to libinit2.o(.ARM.Collect$$libinit$$00000021) for __rt_lib_init_clock_1
    libinit.o(.ARM.Collect$$libinit$$00000000) refers (Special) to libinit2.o(.ARM.Collect$$libinit$$00000032) for __rt_lib_init_cpp_1
    libinit.o(.ARM.Collect$$libinit$$00000000) refers (Special) to libinit2.o(.ARM.Collect$$libinit$$00000030) for __rt_lib_init_exceptions_1
    libinit.o(.ARM.Collect$$libinit$$00000000) refers (Special) to libinit2.o(.ARM.Collect$$libinit$$00000002) for __rt_lib_init_fp_1
    libinit.o(.ARM.Collect$$libinit$$00000000) refers (Special) to libinit2.o(.ARM.Collect$$libinit$$0000001F) for __rt_lib_init_fp_trap_1
    libinit.o(.ARM.Collect$$libinit$$00000000) refers (Special) to libinit2.o(.ARM.Collect$$libinit$$00000023) for __rt_lib_init_getenv_1
    libinit.o(.ARM.Collect$$libinit$$00000000) refers (Special) to libinit2.o(.ARM.Collect$$libinit$$0000000A) for __rt_lib_init_heap_1
    libinit.o(.ARM.Collect$$libinit$$00000000) refers (Special) to libinit2.o(.ARM.Collect$$libinit$$00000011) for __rt_lib_init_lc_collate_1
    libinit.o(.ARM.Collect$$libinit$$00000000) refers (Special) to libinit2.o(.ARM.Collect$$libinit$$00000013) for __rt_lib_init_lc_ctype_1
    libinit.o(.ARM.Collect$$libinit$$00000000) refers (Special) to libinit2.o(.ARM.Collect$$libinit$$00000015) for __rt_lib_init_lc_monetary_1
    libinit.o(.ARM.Collect$$libinit$$00000000) refers (Special) to libinit2.o(.ARM.Collect$$libinit$$00000017) for __rt_lib_init_lc_numeric_1
    libinit.o(.ARM.Collect$$libinit$$00000000) refers (Special) to libinit2.o(.ARM.Collect$$libinit$$00000019) for __rt_lib_init_lc_time_1
    libinit.o(.ARM.Collect$$libinit$$00000000) refers (Special) to libinit2.o(.ARM.Collect$$libinit$$00000004) for __rt_lib_init_preinit_1
    libinit.o(.ARM.Collect$$libinit$$00000000) refers (Special) to libinit2.o(.ARM.Collect$$libinit$$0000000E) for __rt_lib_init_rand_1
    libinit.o(.ARM.Collect$$libinit$$00000000) refers (Special) to libinit2.o(.ARM.Collect$$libinit$$00000033) for __rt_lib_init_return
    libinit.o(.ARM.Collect$$libinit$$00000000) refers (Special) to libinit2.o(.ARM.Collect$$libinit$$0000001D) for __rt_lib_init_signal_1
    libinit.o(.ARM.Collect$$libinit$$00000000) refers (Special) to libinit2.o(.ARM.Collect$$libinit$$00000025) for __rt_lib_init_stdio_1
    libinit.o(.ARM.Collect$$libinit$$00000000) refers (Special) to libinit2.o(.ARM.Collect$$libinit$$0000000C) for __rt_lib_init_user_alloc_1
    libspace.o(.text) refers to libspace.o(.bss) for __libspace_start
    rtexit.o(.ARM.Collect$$rtexit$$00000000) refers (Special) to rtexit2.o(.ARM.Collect$$rtexit$$00000004) for __rt_exit_exit
    rtexit.o(.ARM.Collect$$rtexit$$00000000) refers (Special) to rtexit2.o(.ARM.Collect$$rtexit$$00000003) for __rt_exit_ls
    rtexit.o(.ARM.Collect$$rtexit$$00000000) refers (Special) to rtexit2.o(.ARM.Collect$$rtexit$$00000002) for __rt_exit_prels_1
    rtexit.o(.ARM.exidx) refers (Special) to rtexit2.o(.ARM.Collect$$rtexit$$00000004) for __rt_exit_exit
    rtexit.o(.ARM.exidx) refers (Special) to rtexit2.o(.ARM.Collect$$rtexit$$00000003) for __rt_exit_ls
    rtexit.o(.ARM.exidx) refers (Special) to rtexit2.o(.ARM.Collect$$rtexit$$00000002) for __rt_exit_prels_1
    rtexit.o(.ARM.exidx) refers to rtexit.o(.ARM.Collect$$rtexit$$00000000) for .ARM.Collect$$rtexit$$00000000
    rt_raise.o(.text) refers to __raise.o(.text) for __raise
    rt_raise.o(.text) refers to sys_exit.o(.text) for _sys_exit
    defsig_exit.o(.text) refers to sys_exit.o(.text) for _sys_exit
    defsig_fpe_inner.o(.text) refers to defsig_general.o(.text) for __default_signal_display
    libinit2.o(.ARM.Collect$$libinit$$00000010) refers to libinit2.o(.ARM.Collect$$libinit$$0000000F) for .ARM.Collect$$libinit$$0000000F
    libinit2.o(.ARM.Collect$$libinit$$00000012) refers to libinit2.o(.ARM.Collect$$libinit$$0000000F) for .ARM.Collect$$libinit$$0000000F
    libinit2.o(.ARM.Collect$$libinit$$00000014) refers to libinit2.o(.ARM.Collect$$libinit$$0000000F) for .ARM.Collect$$libinit$$0000000F
    libinit2.o(.ARM.Collect$$libinit$$00000016) refers to libinit2.o(.ARM.Collect$$libinit$$0000000F) for .ARM.Collect$$libinit$$0000000F
    libinit2.o(.ARM.Collect$$libinit$$00000018) refers to libinit2.o(.ARM.Collect$$libinit$$0000000F) for .ARM.Collect$$libinit$$0000000F
    libinit2.o(.ARM.Collect$$libinit$$00000026) refers to argv_veneer.o(.emb_text) for __ARM_argv_veneer
    libinit2.o(.ARM.Collect$$libinit$$00000027) refers to argv_veneer.o(.emb_text) for __ARM_argv_veneer
    sys_exit.o(.text) refers (Special) to use_no_semi.o(.text) for __I$use$semihosting
    sys_exit.o(.text) refers (Special) to indicate_semi.o(.text) for __semihosting_library_function
    rtexit2.o(.ARM.Collect$$rtexit$$00000003) refers to libshutdown.o(.ARM.Collect$$libshutdown$$00000000) for __rt_lib_shutdown
    rtexit2.o(.ARM.Collect$$rtexit$$00000004) refers to sys_exit.o(.text) for _sys_exit
    rtexit2.o(.ARM.exidx) refers to rtexit2.o(.ARM.Collect$$rtexit$$00000001) for .ARM.Collect$$rtexit$$00000001
    rtexit2.o(.ARM.exidx) refers to rtexit2.o(.ARM.Collect$$rtexit$$00000003) for .ARM.Collect$$rtexit$$00000003
    rtexit2.o(.ARM.exidx) refers to rtexit2.o(.ARM.Collect$$rtexit$$00000004) for .ARM.Collect$$rtexit$$00000004
    __raise.o(.text) refers to defsig.o(CL$$defsig) for __default_signal_handler
    defsig_general.o(.text) refers to sys_wrch.o(.text) for _ttywrch
    argv_veneer.o(.emb_text) refers to no_argv.o(.text) for __ARM_get_argv
    sys_wrch.o(.text) refers (Special) to use_no_semi.o(.text) for __I$use$semihosting
    sys_wrch.o(.text) refers (Special) to indicate_semi.o(.text) for __semihosting_library_function
    defsig.o(CL$$defsig) refers to defsig_fpe_inner.o(.text) for __rt_SIGFPE_inner
    defsig.o(CL$$defsig) refers to defsig_rtmem_inner.o(.text) for __rt_SIGRTMEM_inner
    _get_argv_nomalloc.o(.text) refers (Special) to hrguard.o(.text) for __heap_region$guard
    _get_argv_nomalloc.o(.text) refers to defsig_rtmem_outer.o(.text) for __rt_SIGRTMEM
    _get_argv_nomalloc.o(.text) refers to sys_command.o(.text) for _sys_command_string
    libshutdown.o(.ARM.Collect$$libshutdown$$00000000) refers (Special) to libshutdown2.o(.ARM.Collect$$libshutdown$$00000002) for __rt_lib_shutdown_cpp_1
    libshutdown.o(.ARM.Collect$$libshutdown$$00000000) refers (Special) to libshutdown2.o(.ARM.Collect$$libshutdown$$00000007) for __rt_lib_shutdown_fp_trap_1
    libshutdown.o(.ARM.Collect$$libshutdown$$00000000) refers (Special) to libshutdown2.o(.ARM.Collect$$libshutdown$$0000000F) for __rt_lib_shutdown_heap_1
    libshutdown.o(.ARM.Collect$$libshutdown$$00000000) refers (Special) to libshutdown2.o(.ARM.Collect$$libshutdown$$00000010) for __rt_lib_shutdown_return
    libshutdown.o(.ARM.Collect$$libshutdown$$00000000) refers (Special) to libshutdown2.o(.ARM.Collect$$libshutdown$$0000000A) for __rt_lib_shutdown_signal_1
    libshutdown.o(.ARM.Collect$$libshutdown$$00000000) refers (Special) to libshutdown2.o(.ARM.Collect$$libshutdown$$00000004) for __rt_lib_shutdown_stdio_1
    libshutdown.o(.ARM.Collect$$libshutdown$$00000000) refers (Special) to libshutdown2.o(.ARM.Collect$$libshutdown$$0000000C) for __rt_lib_shutdown_user_alloc_1
    sys_command.o(.text) refers (Special) to use_no_semi.o(.text) for __I$use$semihosting
    sys_command.o(.text) refers (Special) to indicate_semi.o(.text) for __semihosting_library_function
    defsig_abrt_inner.o(.text) refers to defsig_general.o(.text) for __default_signal_display
    defsig_rtred_inner.o(.text) refers to defsig_general.o(.text) for __default_signal_display
    defsig_rtmem_inner.o(.text) refers to defsig_general.o(.text) for __default_signal_display
    defsig_rtmem_outer.o(.text) refers to defsig_rtmem_inner.o(.text) for __rt_SIGRTMEM_inner
    defsig_rtmem_outer.o(.text) refers to defsig_exit.o(.text) for __sig_exit
    defsig_rtmem_formal.o(.text) refers to rt_raise.o(.text) for __rt_raise
    defsig_stak_inner.o(.text) refers to defsig_general.o(.text) for __default_signal_display
    defsig_pvfn_inner.o(.text) refers to defsig_general.o(.text) for __default_signal_display
    defsig_cppl_inner.o(.text) refers to defsig_general.o(.text) for __default_signal_display
    defsig_segv_inner.o(.text) refers to defsig_general.o(.text) for __default_signal_display
    defsig_other.o(.text) refers to defsig_general.o(.text) for __default_signal_display


==============================================================================

Removing Unused input sections from the image.

    Removing main.o(.rev16_text), (4 bytes).
    Removing main.o(.revsh_text), (4 bytes).
    Removing main.o(.rrx_text), (6 bytes).
    Removing graphics.o(.rev16_text), (4 bytes).
    Removing graphics.o(.revsh_text), (4 bytes).
    Removing graphics.o(.rrx_text), (6 bytes).
    Removing graphics.o(i.drawSquare), (26 bytes).
    Removing lcd_ili9325.o(.rev16_text), (4 bytes).
    Removing lcd_ili9325.o(.revsh_text), (4 bytes).
    Removing lcd_ili9325.o(.rrx_text), (6 bytes).
    Removing open1768_lcd.o(.rev16_text), (4 bytes).
    Removing open1768_lcd.o(.revsh_text), (4 bytes).
    Removing open1768_lcd.o(.rrx_text), (6 bytes).
    Removing open1768_lcd.o(i.lcdRead), (76 bytes).
    Removing open1768_lcd.o(i.lcdReadData), (56 bytes).
    Removing open1768_lcd.o(i.lcdReadReg), (20 bytes).
    Removing open1768_lcd.o(i.lcdSetCursor), (24 bytes).
    Removing gyro.o(.rev16_text), (4 bytes).
    Removing gyro.o(.revsh_text), (4 bytes).
    Removing gyro.o(.rrx_text), (6 bytes).
    Removing uart.o(.rev16_text), (4 bytes).
    Removing uart.o(.revsh_text), (4 bytes).
    Removing uart.o(.rrx_text), (6 bytes).
    Removing uart.o(i.__NVIC_EnableIRQ), (26 bytes).
    Removing uart.o(i.initRTC), (24 bytes).
    Removing uart.o(i.initTimer0), (44 bytes).
    Removing uart.o(i.isReceiverReady), (16 bytes).
    Removing i2c.o(.rev16_text), (4 bytes).
    Removing i2c.o(.revsh_text), (4 bytes).
    Removing i2c.o(.rrx_text), (6 bytes).
    Removing i2c.o(i.I2CStart), (44 bytes).
    Removing i2c.o(i.I2CStop), (36 bytes).
    Removing i2c.o(.constdata), (2 bytes).
    Removing mazegraphic.o(.rev16_text), (4 bytes).
    Removing mazegraphic.o(.revsh_text), (4 bytes).
    Removing mazegraphic.o(.rrx_text), (6 bytes).
    Removing menu.o(.rev16_text), (4 bytes).
    Removing menu.o(.revsh_text), (4 bytes).
    Removing menu.o(.rrx_text), (6 bytes).
    Removing buttons_open1768.o(.rev16_text), (4 bytes).
    Removing buttons_open1768.o(.revsh_text), (4 bytes).
    Removing buttons_open1768.o(.rrx_text), (6 bytes).
    Removing buttons_open1768.o(i.Buttons_GetCount), (4 bytes).
    Removing buttons_open1768.o(i.Buttons_GetState), (48 bytes).
    Removing buttons_open1768.o(i.Buttons_Initialize), (72 bytes).
    Removing buttons_open1768.o(i.Buttons_Uninitialize), (48 bytes).
    Removing buttons_open1768.o(.constdata), (4 bytes).
    Removing joystick_open1768.o(.rev16_text), (4 bytes).
    Removing joystick_open1768.o(.revsh_text), (4 bytes).
    Removing joystick_open1768.o(.rrx_text), (6 bytes).
    Removing joystick_open1768.o(i.Joystick_Uninitialize), (48 bytes).
    Removing led_open1768.o(.rev16_text), (4 bytes).
    Removing led_open1768.o(.revsh_text), (4 bytes).
    Removing led_open1768.o(.rrx_text), (6 bytes).
    Removing led_open1768.o(i.LED_GetCount), (4 bytes).
    Removing led_open1768.o(i.LED_Initialize), (92 bytes).
    Removing led_open1768.o(i.LED_Off), (44 bytes).
    Removing led_open1768.o(i.LED_On), (44 bytes).
    Removing led_open1768.o(i.LED_SetOut), (40 bytes).
    Removing led_open1768.o(i.LED_Uninitialize), (48 bytes).
    Removing led_open1768.o(.constdata), (8 bytes).
    Removing pin_lpc17xx.o(.rev16_text), (4 bytes).
    Removing pin_lpc17xx.o(.revsh_text), (4 bytes).
    Removing pin_lpc17xx.o(.rrx_text), (6 bytes).
    Removing pin_lpc17xx.o(i.PIN_ConfigureI2C0Pins), (32 bytes).
    Removing pin_lpc17xx.o(i.PIN_ConfigureTPIU), (40 bytes).
    Removing system_lpc17xx.o(.rev16_text), (4 bytes).
    Removing system_lpc17xx.o(.revsh_text), (4 bytes).
    Removing system_lpc17xx.o(.rrx_text), (6 bytes).
    Removing system_lpc17xx.o(i.SystemCoreClockUpdate), (424 bytes).
    Removing system_lpc17xx.o(.data), (4 bytes).
    Removing gpio_lpc17xx.o(.rev16_text), (4 bytes).
    Removing gpio_lpc17xx.o(.revsh_text), (4 bytes).
    Removing gpio_lpc17xx.o(.rrx_text), (6 bytes).
    Removing gpio_lpc17xx.o(i.GPIO_PinWrite), (40 bytes).
    Removing gpio_lpc17xx.o(i.GPIO_PortRead), (20 bytes).
    Removing gpio_lpc17xx.o(i.GPIO_PortWrite), (32 bytes).

77 unused section(s) (total 1700 bytes) removed from the image.

==============================================================================

Image Symbol Table

    Local Symbols

    Symbol Name                              Value     Ov Type        Size  Object(Section)

    RESET                                    0x00000000   Section      204  startup_lpc17xx.o(RESET)
    ../clib/angel/boardlib.s                 0x00000000   Number         0  boardshut.o ABSOLUTE
    ../clib/angel/boardlib.s                 0x00000000   Number         0  boardinit1.o ABSOLUTE
    ../clib/angel/boardlib.s                 0x00000000   Number         0  boardinit2.o ABSOLUTE
    ../clib/angel/boardlib.s                 0x00000000   Number         0  boardinit3.o ABSOLUTE
    ../clib/angel/handlers.s                 0x00000000   Number         0  __scatter_zi.o ABSOLUTE
    ../clib/angel/handlers.s                 0x00000000   Number         0  __scatter_copy.o ABSOLUTE
    ../clib/angel/kernel.s                   0x00000000   Number         0  rtexit2.o ABSOLUTE
    ../clib/angel/kernel.s                   0x00000000   Number         0  __rtentry.o ABSOLUTE
    ../clib/angel/kernel.s                   0x00000000   Number         0  __rtentry2.o ABSOLUTE
    ../clib/angel/kernel.s                   0x00000000   Number         0  __rtentry4.o ABSOLUTE
    ../clib/angel/kernel.s                   0x00000000   Number         0  rtexit.o ABSOLUTE
    ../clib/angel/rt.s                       0x00000000   Number         0  aeabi_ldiv0_sigfpe.o ABSOLUTE
    ../clib/angel/rt.s                       0x00000000   Number         0  aeabi_ldiv0.o ABSOLUTE
    ../clib/angel/rt.s                       0x00000000   Number         0  rt_div0.o ABSOLUTE
    ../clib/angel/rt.s                       0x00000000   Number         0  rt_raise.o ABSOLUTE
    ../clib/angel/scatter.s                  0x00000000   Number         0  __scatter.o ABSOLUTE
    ../clib/angel/startup.s                  0x00000000   Number         0  __main.o ABSOLUTE
    ../clib/angel/sys.s                      0x00000000   Number         0  use_no_semi.o ABSOLUTE
    ../clib/angel/sys.s                      0x00000000   Number         0  indicate_semi.o ABSOLUTE
    ../clib/angel/sys.s                      0x00000000   Number         0  libspace.o ABSOLUTE
    ../clib/angel/sys.s                      0x00000000   Number         0  sys_stackheap_outer.o ABSOLUTE
    ../clib/angel/sysapp.c                   0x00000000   Number         0  sys_wrch.o ABSOLUTE
    ../clib/angel/sysapp.c                   0x00000000   Number         0  sys_exit.o ABSOLUTE
    ../clib/angel/sysapp.c                   0x00000000   Number         0  sys_command.o ABSOLUTE
    ../clib/armsys.c                         0x00000000   Number         0  argv_veneer.o ABSOLUTE
    ../clib/armsys.c                         0x00000000   Number         0  argv_veneer.o ABSOLUTE
    ../clib/armsys.c                         0x00000000   Number         0  no_argv.o ABSOLUTE
    ../clib/armsys.c                         0x00000000   Number         0  _get_argv_nomalloc.o ABSOLUTE
    ../clib/heapalloc.c                      0x00000000   Number         0  hrguard.o ABSOLUTE
    ../clib/heapaux.c                        0x00000000   Number         0  heapauxi.o ABSOLUTE
    ../clib/libinit.s                        0x00000000   Number         0  libshutdown2.o ABSOLUTE
    ../clib/libinit.s                        0x00000000   Number         0  libinit.o ABSOLUTE
    ../clib/libinit.s                        0x00000000   Number         0  libshutdown.o ABSOLUTE
    ../clib/libinit.s                        0x00000000   Number         0  libinit2.o ABSOLUTE
    ../clib/longlong.s                       0x00000000   Number         0  lludivv7m.o ABSOLUTE
    ../clib/memcpset.s                       0x00000000   Number         0  rt_memcpy_w.o ABSOLUTE
    ../clib/memcpset.s                       0x00000000   Number         0  rt_memcpy_v6.o ABSOLUTE
    ../clib/printf.c                         0x00000000   Number         0  __printf_ss.o ABSOLUTE
    ../clib/printf.c                         0x00000000   Number         0  __printf_nopercent.o ABSOLUTE
    ../clib/printf.c                         0x00000000   Number         0  noretval__2sprintf.o ABSOLUTE
    ../clib/printf.c                         0x00000000   Number         0  _printf_intcommon.o ABSOLUTE
    ../clib/printf.c                         0x00000000   Number         0  __2sprintf.o ABSOLUTE
    ../clib/printf.c                         0x00000000   Number         0  __printf_flags.o ABSOLUTE
    ../clib/printf.c                         0x00000000   Number         0  __printf_flags_ss.o ABSOLUTE
    ../clib/printf.c                         0x00000000   Number         0  __printf.o ABSOLUTE
    ../clib/printf.c                         0x00000000   Number         0  __printf_wp.o ABSOLUTE
    ../clib/printf.c                         0x00000000   Number         0  __printf_flags_wp.o ABSOLUTE
    ../clib/printf.c                         0x00000000   Number         0  __printf_ss_wp.o ABSOLUTE
    ../clib/printf.c                         0x00000000   Number         0  __printf_flags_ss_wp.o ABSOLUTE
    ../clib/printf.c                         0x00000000   Number         0  _printf_char_common.o ABSOLUTE
    ../clib/printf.c                         0x00000000   Number         0  _sputc.o ABSOLUTE
    ../clib/printf.c                         0x00000000   Number         0  _printf_dec.o ABSOLUTE
    ../clib/printf_percent.s                 0x00000000   Number         0  _printf_percent_end.o ABSOLUTE
    ../clib/printf_percent.s                 0x00000000   Number         0  _printf_d.o ABSOLUTE
    ../clib/printf_percent.s                 0x00000000   Number         0  _printf_percent.o ABSOLUTE
    ../clib/signal.c                         0x00000000   Number         0  defsig_rtmem_formal.o ABSOLUTE
    ../clib/signal.c                         0x00000000   Number         0  defsig_pvfn_inner.o ABSOLUTE
    ../clib/signal.c                         0x00000000   Number         0  defsig_stak_inner.o ABSOLUTE
    ../clib/signal.c                         0x00000000   Number         0  defsig_exit.o ABSOLUTE
    ../clib/signal.c                         0x00000000   Number         0  defsig_cppl_inner.o ABSOLUTE
    ../clib/signal.c                         0x00000000   Number         0  defsig_general.o ABSOLUTE
    ../clib/signal.c                         0x00000000   Number         0  __raise.o ABSOLUTE
    ../clib/signal.c                         0x00000000   Number         0  defsig_other.o ABSOLUTE
    ../clib/signal.c                         0x00000000   Number         0  defsig_abrt_inner.o ABSOLUTE
    ../clib/signal.c                         0x00000000   Number         0  defsig_fpe_inner.o ABSOLUTE
    ../clib/signal.c                         0x00000000   Number         0  defsig_rtred_inner.o ABSOLUTE
    ../clib/signal.c                         0x00000000   Number         0  defsig_rtmem_outer.o ABSOLUTE
    ../clib/signal.c                         0x00000000   Number         0  defsig_segv_inner.o ABSOLUTE
    ../clib/signal.c                         0x00000000   Number         0  defsig_fpe_formal.o ABSOLUTE
    ../clib/signal.c                         0x00000000   Number         0  defsig_fpe_outer.o ABSOLUTE
    ../clib/signal.c                         0x00000000   Number         0  defsig_rtmem_inner.o ABSOLUTE
    ../clib/signal.s                         0x00000000   Number         0  defsig.o ABSOLUTE
    ../clib/stdlib.c                         0x00000000   Number         0  exit.o ABSOLUTE
    ../fplib/fpinit.s                        0x00000000   Number         0  fpinit.o ABSOLUTE
    C:\Keil_v5\ARM\PACK\Keil\LPC1700_DFP\2.6.1\Boards\Waveshare\Open1768\Common\Buttons_Open1768.c 0x00000000   Number         0  buttons_open1768.o ABSOLUTE
    C:\Keil_v5\ARM\PACK\Keil\LPC1700_DFP\2.6.1\Boards\Waveshare\Open1768\Common\Joystick_Open1768.c 0x00000000   Number         0  joystick_open1768.o ABSOLUTE
    C:\Keil_v5\ARM\PACK\Keil\LPC1700_DFP\2.6.1\Boards\Waveshare\Open1768\Common\LED_Open1768.c 0x00000000   Number         0  led_open1768.o ABSOLUTE
    C:\Keil_v5\ARM\PACK\Keil\LPC1700_DFP\2.6.1\RTE_Driver\GPIO_LPC17xx.c 0x00000000   Number         0  gpio_lpc17xx.o ABSOLUTE
    C:\Keil_v5\ARM\PACK\Keil\LPC1700_DFP\2.6.1\RTE_Driver\PIN_LPC17xx.c 0x00000000   Number         0  pin_lpc17xx.o ABSOLUTE
    C:\\Keil_v5\\ARM\\PACK\\Keil\\LPC1700_DFP\\2.6.1\\Boards\\Waveshare\\Open1768\\Common\\Buttons_Open1768.c 0x00000000   Number         0  buttons_open1768.o ABSOLUTE
    C:\\Keil_v5\\ARM\\PACK\\Keil\\LPC1700_DFP\\2.6.1\\Boards\\Waveshare\\Open1768\\Common\\Joystick_Open1768.c 0x00000000   Number         0  joystick_open1768.o ABSOLUTE
    C:\\Keil_v5\\ARM\\PACK\\Keil\\LPC1700_DFP\\2.6.1\\Boards\\Waveshare\\Open1768\\Common\\LED_Open1768.c 0x00000000   Number         0  led_open1768.o ABSOLUTE
    C:\\Keil_v5\\ARM\\PACK\\Keil\\LPC1700_DFP\\2.6.1\\RTE_Driver\\GPIO_LPC17xx.c 0x00000000   Number         0  gpio_lpc17xx.o ABSOLUTE
    C:\\Keil_v5\\ARM\\PACK\\Keil\\LPC1700_DFP\\2.6.1\\RTE_Driver\\PIN_LPC17xx.c 0x00000000   Number         0  pin_lpc17xx.o ABSOLUTE
    RTE\Device\LPC1768\startup_LPC17xx.s     0x00000000   Number         0  startup_lpc17xx.o ABSOLUTE
    RTE\Device\LPC1768\system_LPC17xx.c      0x00000000   Number         0  system_lpc17xx.o ABSOLUTE
    RTE\\Device\\LPC1768\\system_LPC17xx.c   0x00000000   Number         0  system_lpc17xx.o ABSOLUTE
    dc.s                                     0x00000000   Number         0  dc.o ABSOLUTE
    graphics.c                               0x00000000   Number         0  graphics.o ABSOLUTE
    graphics.c                               0x00000000   Number         0  graphics.o ABSOLUTE
    gyro.c                                   0x00000000   Number         0  gyro.o ABSOLUTE
    gyro.c                                   0x00000000   Number         0  gyro.o ABSOLUTE
    i2c.c                                    0x00000000   Number         0  i2c.o ABSOLUTE
    i2c.c                                    0x00000000   Number         0  i2c.o ABSOLUTE
    lcd_lib\LCD_ILI9325.c                    0x00000000   Number         0  lcd_ili9325.o ABSOLUTE
    lcd_lib\Open1768_LCD.c                   0x00000000   Number         0  open1768_lcd.o ABSOLUTE
    lcd_lib\\LCD_ILI9325.c                   0x00000000   Number         0  lcd_ili9325.o ABSOLUTE
    lcd_lib\\Open1768_LCD.c                  0x00000000   Number         0  open1768_lcd.o ABSOLUTE
    lcd_lib\asciiLib.c                       0x00000000   Number         0  asciilib.o ABSOLUTE
    main.c                                   0x00000000   Number         0  main.o ABSOLUTE
    main.c                                   0x00000000   Number         0  main.o ABSOLUTE
    maze.c                                   0x00000000   Number         0  maze.o ABSOLUTE
    mazeGraphic.c                            0x00000000   Number         0  mazegraphic.o ABSOLUTE
    mazeGraphic.c                            0x00000000   Number         0  mazegraphic.o ABSOLUTE
    menu.c                                   0x00000000   Number         0  menu.o ABSOLUTE
    menu.c                                   0x00000000   Number         0  menu.o ABSOLUTE
    player.c                                 0x00000000   Number         0  player.o ABSOLUTE
    uart.c                                   0x00000000   Number         0  uart.o ABSOLUTE
    uart.c                                   0x00000000   Number         0  uart.o ABSOLUTE
    !!!main                                  0x000000cc   Section        8  __main.o(!!!main)
    !!!scatter                               0x000000d4   Section       52  __scatter.o(!!!scatter)
    !!handler_copy                           0x00000108   Section       26  __scatter_copy.o(!!handler_copy)
    !!handler_zi                             0x00000124   Section       28  __scatter_zi.o(!!handler_zi)
    .ARM.Collect$$_printf_percent$$00000000  0x00000140   Section        0  _printf_percent.o(.ARM.Collect$$_printf_percent$$00000000)
    .ARM.Collect$$_printf_percent$$00000009  0x00000140   Section        6  _printf_d.o(.ARM.Collect$$_printf_percent$$00000009)
    .ARM.Collect$$_printf_percent$$00000017  0x00000146   Section        4  _printf_percent_end.o(.ARM.Collect$$_printf_percent$$00000017)
    .ARM.Collect$$libinit$$00000000          0x0000014a   Section        2  libinit.o(.ARM.Collect$$libinit$$00000000)
    .ARM.Collect$$libinit$$00000002          0x0000014c   Section        0  libinit2.o(.ARM.Collect$$libinit$$00000002)
    .ARM.Collect$$libinit$$00000004          0x0000014c   Section        0  libinit2.o(.ARM.Collect$$libinit$$00000004)
    .ARM.Collect$$libinit$$0000000A          0x0000014c   Section        0  libinit2.o(.ARM.Collect$$libinit$$0000000A)
    .ARM.Collect$$libinit$$0000000C          0x0000014c   Section        0  libinit2.o(.ARM.Collect$$libinit$$0000000C)
    .ARM.Collect$$libinit$$0000000E          0x0000014c   Section        0  libinit2.o(.ARM.Collect$$libinit$$0000000E)
    .ARM.Collect$$libinit$$00000011          0x0000014c   Section        0  libinit2.o(.ARM.Collect$$libinit$$00000011)
    .ARM.Collect$$libinit$$00000013          0x0000014c   Section        0  libinit2.o(.ARM.Collect$$libinit$$00000013)
    .ARM.Collect$$libinit$$00000015          0x0000014c   Section        0  libinit2.o(.ARM.Collect$$libinit$$00000015)
    .ARM.Collect$$libinit$$00000017          0x0000014c   Section        0  libinit2.o(.ARM.Collect$$libinit$$00000017)
    .ARM.Collect$$libinit$$00000019          0x0000014c   Section        0  libinit2.o(.ARM.Collect$$libinit$$00000019)
    .ARM.Collect$$libinit$$0000001B          0x0000014c   Section        0  libinit2.o(.ARM.Collect$$libinit$$0000001B)
    .ARM.Collect$$libinit$$0000001D          0x0000014c   Section        0  libinit2.o(.ARM.Collect$$libinit$$0000001D)
    .ARM.Collect$$libinit$$0000001F          0x0000014c   Section        0  libinit2.o(.ARM.Collect$$libinit$$0000001F)
    .ARM.Collect$$libinit$$00000021          0x0000014c   Section        0  libinit2.o(.ARM.Collect$$libinit$$00000021)
    .ARM.Collect$$libinit$$00000023          0x0000014c   Section        0  libinit2.o(.ARM.Collect$$libinit$$00000023)
    .ARM.Collect$$libinit$$00000025          0x0000014c   Section        0  libinit2.o(.ARM.Collect$$libinit$$00000025)
    .ARM.Collect$$libinit$$0000002C          0x0000014c   Section        0  libinit2.o(.ARM.Collect$$libinit$$0000002C)
    .ARM.Collect$$libinit$$0000002E          0x0000014c   Section        0  libinit2.o(.ARM.Collect$$libinit$$0000002E)
    .ARM.Collect$$libinit$$00000030          0x0000014c   Section        0  libinit2.o(.ARM.Collect$$libinit$$00000030)
    .ARM.Collect$$libinit$$00000032          0x0000014c   Section        0  libinit2.o(.ARM.Collect$$libinit$$00000032)
    .ARM.Collect$$libinit$$00000033          0x0000014c   Section        2  libinit2.o(.ARM.Collect$$libinit$$00000033)
    .ARM.Collect$$libshutdown$$00000000      0x0000014e   Section        2  libshutdown.o(.ARM.Collect$$libshutdown$$00000000)
    .ARM.Collect$$libshutdown$$00000002      0x00000150   Section        0  libshutdown2.o(.ARM.Collect$$libshutdown$$00000002)
    .ARM.Collect$$libshutdown$$00000004      0x00000150   Section        0  libshutdown2.o(.ARM.Collect$$libshutdown$$00000004)
    .ARM.Collect$$libshutdown$$00000007      0x00000150   Section        0  libshutdown2.o(.ARM.Collect$$libshutdown$$00000007)
    .ARM.Collect$$libshutdown$$0000000A      0x00000150   Section        0  libshutdown2.o(.ARM.Collect$$libshutdown$$0000000A)
    .ARM.Collect$$libshutdown$$0000000C      0x00000150   Section        0  libshutdown2.o(.ARM.Collect$$libshutdown$$0000000C)
    .ARM.Collect$$libshutdown$$0000000F      0x00000150   Section        0  libshutdown2.o(.ARM.Collect$$libshutdown$$0000000F)
    .ARM.Collect$$libshutdown$$00000010      0x00000150   Section        2  libshutdown2.o(.ARM.Collect$$libshutdown$$00000010)
    .ARM.Collect$$rtentry$$00000000          0x00000152   Section        0  __rtentry.o(.ARM.Collect$$rtentry$$00000000)
    .ARM.Collect$$rtentry$$00000002          0x00000152   Section        0  __rtentry2.o(.ARM.Collect$$rtentry$$00000002)
    .ARM.Collect$$rtentry$$00000004          0x00000152   Section        6  __rtentry4.o(.ARM.Collect$$rtentry$$00000004)
    .ARM.Collect$$rtentry$$00000009          0x00000158   Section        0  __rtentry2.o(.ARM.Collect$$rtentry$$00000009)
    .ARM.Collect$$rtentry$$0000000A          0x00000158   Section        4  __rtentry2.o(.ARM.Collect$$rtentry$$0000000A)
    .ARM.Collect$$rtentry$$0000000C          0x0000015c   Section        0  __rtentry2.o(.ARM.Collect$$rtentry$$0000000C)
    .ARM.Collect$$rtentry$$0000000D          0x0000015c   Section        8  __rtentry2.o(.ARM.Collect$$rtentry$$0000000D)
    .ARM.Collect$$rtexit$$00000000           0x00000164   Section        2  rtexit.o(.ARM.Collect$$rtexit$$00000000)
    .ARM.Collect$$rtexit$$00000002           0x00000166   Section        0  rtexit2.o(.ARM.Collect$$rtexit$$00000002)
    .ARM.Collect$$rtexit$$00000003           0x00000166   Section        4  rtexit2.o(.ARM.Collect$$rtexit$$00000003)
    .ARM.Collect$$rtexit$$00000004           0x0000016a   Section        6  rtexit2.o(.ARM.Collect$$rtexit$$00000004)
    .text                                    0x00000170   Section       60  startup_lpc17xx.o(.text)
    .text                                    0x000001ac   Section        0  noretval__2sprintf.o(.text)
    .text                                    0x000001d4   Section        0  __printf.o(.text)
    .text                                    0x0000023c   Section        0  _printf_dec.o(.text)
    .text                                    0x000002b4   Section        0  heapauxi.o(.text)
    .text                                    0x000002bc   Section        0  _printf_char_common.o(.text)
    _printf_input_char                       0x000002bd   Thumb Code    10  _printf_char_common.o(.text)
    .text                                    0x000002ec   Section        0  _sputc.o(.text)
    .text                                    0x000002f6   Section        2  use_no_semi.o(.text)
    .text                                    0x000002f8   Section        0  indicate_semi.o(.text)
    .ARM.__at_0x02FC                         0x000002fc   Section        4  startup_lpc17xx.o(.ARM.__at_0x02FC)
    .text                                    0x00000300   Section      138  rt_memcpy_v6.o(.text)
    .text                                    0x0000038a   Section        0  _printf_intcommon.o(.text)
    .text                                    0x0000043c   Section      100  rt_memcpy_w.o(.text)
    .text                                    0x000004a0   Section       74  sys_stackheap_outer.o(.text)
    .text                                    0x000004ea   Section        0  exit.o(.text)
    .text                                    0x000004fc   Section        8  libspace.o(.text)
    .text                                    0x00000504   Section        0  sys_exit.o(.text)
    i.GPIO_PinRead                           0x00000510   Section        0  gpio_lpc17xx.o(i.GPIO_PinRead)
    i.GPIO_PortClock                         0x00000530   Section        0  gpio_lpc17xx.o(i.GPIO_PortClock)
    i.GPIO_SetDir                            0x0000055c   Section        0  gpio_lpc17xx.o(i.GPIO_SetDir)
    i.GetASCIICode                           0x00000594   Section        0  asciilib.o(i.GetASCIICode)
    i.I2C0_IRQHandler                        0x000005c0   Section        0  i2c.o(i.I2C0_IRQHandler)
    i.I2CInit                                0x000008d8   Section        0  i2c.o(i.I2CInit)
    i.Joystick_GetState                      0x0000092c   Section        0  joystick_open1768.o(i.Joystick_GetState)
    i.Joystick_Initialize                    0x00000988   Section        0  joystick_open1768.o(i.Joystick_Initialize)
    i.PIN_Configure                          0x000009d0   Section        0  pin_lpc17xx.o(i.PIN_Configure)
    i.RTC_IRQHandler                         0x00000acc   Section        0  uart.o(i.RTC_IRQHandler)
    i.SystemInit                             0x00000ae8   Section        0  system_lpc17xx.o(i.SystemInit)
    i.TIMER0_IRQHandler                      0x00000c28   Section        0  uart.o(i.TIMER0_IRQHandler)
    i.addPositions                           0x00000c44   Section        0  maze.o(i.addPositions)
    i.checkIfCouldMove                       0x00000c6e   Section        0  player.o(i.checkIfCouldMove)
    i.clearCells                             0x00000d58   Section        0  maze.o(i.clearCells)
    i.delay_ms                               0x00000d6c   Section        0  lcd_ili9325.o(i.delay_ms)
    i.drawLine                               0x00000d8a   Section        0  graphics.o(i.drawLine)
    i.drawLiterka                            0x00000e84   Section        0  graphics.o(i.drawLiterka)
    i.drawMainMenu                           0x00000ee0   Section        0  menu.o(i.drawMainMenu)
    i.drawMaze                               0x00000fa0   Section        0  mazegraphic.o(i.drawMaze)
    i.drawPlayer                             0x000010c2   Section        0  mazegraphic.o(i.drawPlayer)
    i.drawRectangle                          0x00001110   Section        0  graphics.o(i.drawRectangle)
    i.drawSelectSize                         0x00001164   Section        0  menu.o(i.drawSelectSize)
    i.drawString                             0x00001308   Section        0  graphics.o(i.drawString)
    i.fillWindow                             0x00001332   Section        0  graphics.o(i.fillWindow)
    i.findCellByPosition                     0x00001362   Section        0  maze.o(i.findCellByPosition)
    i.generateMaze                           0x00001384   Section        0  maze.o(i.generateMaze)
    i.generateRandomValue                    0x0000148c   Section        0  maze.o(i.generateRandomValue)
    i.getData                                0x000014f4   Section        0  gyro.o(i.getData)
    i.getIndexFromPosition                   0x0000164c   Section        0  maze.o(i.getIndexFromPosition)
    i.getMoveVector                          0x00001660   Section        0  player.o(i.getMoveVector)
    i.getNeighborIndex                       0x000016b8   Section        0  maze.o(i.getNeighborIndex)
    i.getPositionFromIndex                   0x000016dc   Section        0  maze.o(i.getPositionFromIndex)
    i.getPotentialNeighborsInRandomOrder     0x00001700   Section        0  maze.o(i.getPotentialNeighborsInRandomOrder)
    i.getReceivedData                        0x000017a0   Section        0  i2c.o(i.getReceivedData)
    i.getUnvisitedNeighbor                   0x00001810   Section        0  maze.o(i.getUnvisitedNeighbor)
    i.get_abs                                0x00001872   Section        0  graphics.o(i.get_abs)
    i.hasDownBorder                          0x00001882   Section        0  maze.o(i.hasDownBorder)
    i.hasRightBorder                         0x000018a0   Section        0  maze.o(i.hasRightBorder)
    i.inMazeBoundaries                       0x000018aa   Section        0  maze.o(i.inMazeBoundaries)
    i.initGraphics                           0x000018dc   Section        0  graphics.o(i.initGraphics)
    i.initGyro                               0x000018e8   Section        0  gyro.o(i.initGyro)
    i.initMaze                               0x000019ac   Section        0  maze.o(i.initMaze)
    i.initPlayer                             0x000019e8   Section        0  player.o(i.initPlayer)
    i.initPositions                          0x00001a00   Section        0  maze.o(i.initPositions)
    i.initStack                              0x00001a2a   Section        0  maze.o(i.initStack)
    i.initUart                               0x00001a34   Section        0  uart.o(i.initUart)
    i.init_ILI9325                           0x00001a74   Section        0  lcd_ili9325.o(i.init_ILI9325)
    i.isQueueFull                            0x00001c48   Section        0  uart.o(i.isQueueFull)
    i.lcdConfiguration                       0x00001c58   Section        0  open1768_lcd.o(i.lcdConfiguration)
    i.lcdSend                                0x00001c80   Section        0  open1768_lcd.o(i.lcdSend)
    i.lcdWriteData                           0x00001cac   Section        0  open1768_lcd.o(i.lcdWriteData)
    i.lcdWriteIndex                          0x00001ce4   Section        0  open1768_lcd.o(i.lcdWriteIndex)
    i.lcdWriteReg                            0x00001d24   Section        0  open1768_lcd.o(i.lcdWriteReg)
    i.main                                   0x00001d38   Section        0  main.o(i.main)
    i.movePlayer                             0x00002040   Section        0  player.o(i.movePlayer)
    i.notInVisitedPositions                  0x0000205a   Section        0  maze.o(i.notInVisitedPositions)
    i.notWithinBounds                        0x00002080   Section        0  maze.o(i.notWithinBounds)
    i.positionsCompare                       0x00002092   Section        0  maze.o(i.positionsCompare)
    i.preparePosition                        0x000020be   Section        0  maze.o(i.preparePosition)
    i.setWalls                               0x000020d6   Section        0  maze.o(i.setWalls)
    i.stackEmpty                             0x00002188   Section        0  maze.o(i.stackEmpty)
    i.stackPop                               0x00002196   Section        0  maze.o(i.stackPop)
    i.stackPush                              0x000021b0   Section        0  maze.o(i.stackPush)
    i.startMasterReceive                     0x000021c8   Section        0  i2c.o(i.startMasterReceive)
    i.startMasterTransmit                    0x00002208   Section        0  i2c.o(i.startMasterTransmit)
    i.swapArrayElements                      0x00002248   Section        0  maze.o(i.swapArrayElements)
    i.updateMainMenu                         0x0000225c   Section        0  menu.o(i.updateMainMenu)
    i.updateSelectSize                       0x00002324   Section        0  menu.o(i.updateSelectSize)
    i.wait_delay                             0x0000242c   Section        0  open1768_lcd.o(i.wait_delay)
    i.writeString                            0x00002440   Section        0  uart.o(i.writeString)
    .constdata                               0x00002474   Section       28  maze.o(.constdata)
    .constdata                               0x00002490   Section     3040  asciilib.o(.constdata)
    AsciiLib                                 0x00002490   Data        3040  asciilib.o(.constdata)
    .constdata                               0x00003070   Section       10  joystick_open1768.o(.constdata)
    JOYSTICK_PIN                             0x00003070   Data          10  joystick_open1768.o(.constdata)
    .bss                                     0x10000000   Section    14452  main.o(.bss)
    .data                                    0x2007c000   Section       20  maze.o(.data)
    b                                        0x2007c004   Data           4  maze.o(.data)
    x                                        0x2007c008   Data          12  maze.o(.data)
    .data                                    0x2007c014   Section       25  i2c.o(.data)
    .data                                    0x2007c02d   Section        5  menu.o(.data)
    .bss                                     0x2007c034   Section       64  i2c.o(.bss)
    .bss                                     0x2007c074   Section       96  libspace.o(.bss)
    HEAP                                     0x2007c0d8   Section        0  startup_lpc17xx.o(HEAP)
    STACK                                    0x2007c0d8   Section    12288  startup_lpc17xx.o(STACK)
    Heap_Mem                                 0x2007c0d8   Data           0  startup_lpc17xx.o(HEAP)
    Stack_Mem                                0x2007c0d8   Data       12288  startup_lpc17xx.o(STACK)
    __initial_sp                             0x2007f0d8   Data           0  startup_lpc17xx.o(STACK)

    Global Symbols

    Symbol Name                              Value     Ov Type        Size  Object(Section)

    BuildAttributes$$THM_ISAv4$P$D$K$B$S$PE$A:L22UL41UL21$X:L11$S22US41US21$IEEE1$IW$USESV6$~STKCKD$USESV7$~SHL$OSPACE$ROPI$EBA8$UX$STANDARDLIB$REQ8$PRES8$EABIv2 0x00000000   Number         0  anon$$obj.o ABSOLUTE
    __ARM_use_no_argv                        0x00000000   Number         0  main.o ABSOLUTE
    __Vectors                                0x00000000   Data           4  startup_lpc17xx.o(RESET)
    __ARM_exceptions_init                     - Undefined Weak Reference
    __alloca_initialize                       - Undefined Weak Reference
    __arm_preinit_                            - Undefined Weak Reference
    __cpp_initialize__aeabi_                  - Undefined Weak Reference
    __cxa_finalize                            - Undefined Weak Reference
    __rt_locale                               - Undefined Weak Reference
    __sigvec_lookup                           - Undefined Weak Reference
    _atexit_init                              - Undefined Weak Reference
    _call_atexit_fns                          - Undefined Weak Reference
    _clock_init                               - Undefined Weak Reference
    _fp_trap_init                             - Undefined Weak Reference
    _fp_trap_shutdown                         - Undefined Weak Reference
    _get_lc_collate                           - Undefined Weak Reference
    _get_lc_ctype                             - Undefined Weak Reference
    _get_lc_monetary                          - Undefined Weak Reference
    _get_lc_numeric                           - Undefined Weak Reference
    _get_lc_time                              - Undefined Weak Reference
    _getenv_init                              - Undefined Weak Reference
    _handle_redirection                       - Undefined Weak Reference
    _init_alloc                               - Undefined Weak Reference
    _init_user_alloc                          - Undefined Weak Reference
    _initio                                   - Undefined Weak Reference
    _printf_post_padding                      - Undefined Weak Reference
    _printf_pre_padding                       - Undefined Weak Reference
    _printf_truncate_signed                   - Undefined Weak Reference
    _printf_truncate_unsigned                 - Undefined Weak Reference
    _rand_init                                - Undefined Weak Reference
    _signal_finish                            - Undefined Weak Reference
    _signal_init                              - Undefined Weak Reference
    _terminate_alloc                          - Undefined Weak Reference
    _terminate_user_alloc                     - Undefined Weak Reference
    _terminateio                              - Undefined Weak Reference
    __main                                   0x000000cd   Thumb Code     8  __main.o(!!!main)
    __scatterload                            0x000000d5   Thumb Code     0  __scatter.o(!!!scatter)
    __scatterload_rt2                        0x000000d5   Thumb Code    44  __scatter.o(!!!scatter)
    __scatterload_rt2_thumb_only             0x000000d5   Thumb Code     0  __scatter.o(!!!scatter)
    __scatterload_null                       0x000000e3   Thumb Code     0  __scatter.o(!!!scatter)
    __scatterload_copy                       0x00000109   Thumb Code    26  __scatter_copy.o(!!handler_copy)
    __scatterload_zeroinit                   0x00000125   Thumb Code    28  __scatter_zi.o(!!handler_zi)
    _printf_d                                0x00000141   Thumb Code     0  _printf_d.o(.ARM.Collect$$_printf_percent$$00000009)
    _printf_percent                          0x00000141   Thumb Code     0  _printf_percent.o(.ARM.Collect$$_printf_percent$$00000000)
    _printf_percent_end                      0x00000147   Thumb Code     0  _printf_percent_end.o(.ARM.Collect$$_printf_percent$$00000017)
    __rt_lib_init                            0x0000014b   Thumb Code     0  libinit.o(.ARM.Collect$$libinit$$00000000)
    __rt_lib_init_alloca_1                   0x0000014d   Thumb Code     0  libinit2.o(.ARM.Collect$$libinit$$0000002E)
    __rt_lib_init_argv_1                     0x0000014d   Thumb Code     0  libinit2.o(.ARM.Collect$$libinit$$0000002C)
    __rt_lib_init_atexit_1                   0x0000014d   Thumb Code     0  libinit2.o(.ARM.Collect$$libinit$$0000001B)
    __rt_lib_init_clock_1                    0x0000014d   Thumb Code     0  libinit2.o(.ARM.Collect$$libinit$$00000021)
    __rt_lib_init_cpp_1                      0x0000014d   Thumb Code     0  libinit2.o(.ARM.Collect$$libinit$$00000032)
    __rt_lib_init_exceptions_1               0x0000014d   Thumb Code     0  libinit2.o(.ARM.Collect$$libinit$$00000030)
    __rt_lib_init_fp_1                       0x0000014d   Thumb Code     0  libinit2.o(.ARM.Collect$$libinit$$00000002)
    __rt_lib_init_fp_trap_1                  0x0000014d   Thumb Code     0  libinit2.o(.ARM.Collect$$libinit$$0000001F)
    __rt_lib_init_getenv_1                   0x0000014d   Thumb Code     0  libinit2.o(.ARM.Collect$$libinit$$00000023)
    __rt_lib_init_heap_1                     0x0000014d   Thumb Code     0  libinit2.o(.ARM.Collect$$libinit$$0000000A)
    __rt_lib_init_lc_collate_1               0x0000014d   Thumb Code     0  libinit2.o(.ARM.Collect$$libinit$$00000011)
    __rt_lib_init_lc_ctype_1                 0x0000014d   Thumb Code     0  libinit2.o(.ARM.Collect$$libinit$$00000013)
    __rt_lib_init_lc_monetary_1              0x0000014d   Thumb Code     0  libinit2.o(.ARM.Collect$$libinit$$00000015)
    __rt_lib_init_lc_numeric_1               0x0000014d   Thumb Code     0  libinit2.o(.ARM.Collect$$libinit$$00000017)
    __rt_lib_init_lc_time_1                  0x0000014d   Thumb Code     0  libinit2.o(.ARM.Collect$$libinit$$00000019)
    __rt_lib_init_preinit_1                  0x0000014d   Thumb Code     0  libinit2.o(.ARM.Collect$$libinit$$00000004)
    __rt_lib_init_rand_1                     0x0000014d   Thumb Code     0  libinit2.o(.ARM.Collect$$libinit$$0000000E)
    __rt_lib_init_return                     0x0000014d   Thumb Code     0  libinit2.o(.ARM.Collect$$libinit$$00000033)
    __rt_lib_init_signal_1                   0x0000014d   Thumb Code     0  libinit2.o(.ARM.Collect$$libinit$$0000001D)
    __rt_lib_init_stdio_1                    0x0000014d   Thumb Code     0  libinit2.o(.ARM.Collect$$libinit$$00000025)
    __rt_lib_init_user_alloc_1               0x0000014d   Thumb Code     0  libinit2.o(.ARM.Collect$$libinit$$0000000C)
    __rt_lib_shutdown                        0x0000014f   Thumb Code     0  libshutdown.o(.ARM.Collect$$libshutdown$$00000000)
    __rt_lib_shutdown_cpp_1                  0x00000151   Thumb Code     0  libshutdown2.o(.ARM.Collect$$libshutdown$$00000002)
    __rt_lib_shutdown_fp_trap_1              0x00000151   Thumb Code     0  libshutdown2.o(.ARM.Collect$$libshutdown$$00000007)
    __rt_lib_shutdown_heap_1                 0x00000151   Thumb Code     0  libshutdown2.o(.ARM.Collect$$libshutdown$$0000000F)
    __rt_lib_shutdown_return                 0x00000151   Thumb Code     0  libshutdown2.o(.ARM.Collect$$libshutdown$$00000010)
    __rt_lib_shutdown_signal_1               0x00000151   Thumb Code     0  libshutdown2.o(.ARM.Collect$$libshutdown$$0000000A)
    __rt_lib_shutdown_stdio_1                0x00000151   Thumb Code     0  libshutdown2.o(.ARM.Collect$$libshutdown$$00000004)
    __rt_lib_shutdown_user_alloc_1           0x00000151   Thumb Code     0  libshutdown2.o(.ARM.Collect$$libshutdown$$0000000C)
    __rt_entry                               0x00000153   Thumb Code     0  __rtentry.o(.ARM.Collect$$rtentry$$00000000)
    __rt_entry_presh_1                       0x00000153   Thumb Code     0  __rtentry2.o(.ARM.Collect$$rtentry$$00000002)
    __rt_entry_sh                            0x00000153   Thumb Code     0  __rtentry4.o(.ARM.Collect$$rtentry$$00000004)
    __rt_entry_li                            0x00000159   Thumb Code     0  __rtentry2.o(.ARM.Collect$$rtentry$$0000000A)
    __rt_entry_postsh_1                      0x00000159   Thumb Code     0  __rtentry2.o(.ARM.Collect$$rtentry$$00000009)
    __rt_entry_main                          0x0000015d   Thumb Code     0  __rtentry2.o(.ARM.Collect$$rtentry$$0000000D)
    __rt_entry_postli_1                      0x0000015d   Thumb Code     0  __rtentry2.o(.ARM.Collect$$rtentry$$0000000C)
    __rt_exit                                0x00000165   Thumb Code     0  rtexit.o(.ARM.Collect$$rtexit$$00000000)
    __rt_exit_ls                             0x00000167   Thumb Code     0  rtexit2.o(.ARM.Collect$$rtexit$$00000003)
    __rt_exit_prels_1                        0x00000167   Thumb Code     0  rtexit2.o(.ARM.Collect$$rtexit$$00000002)
    __rt_exit_exit                           0x0000016b   Thumb Code     0  rtexit2.o(.ARM.Collect$$rtexit$$00000004)
    Reset_Handler                            0x00000171   Thumb Code     8  startup_lpc17xx.o(.text)
    NMI_Handler                              0x00000179   Thumb Code     2  startup_lpc17xx.o(.text)
    HardFault_Handler                        0x0000017b   Thumb Code     2  startup_lpc17xx.o(.text)
    MemManage_Handler                        0x0000017d   Thumb Code     2  startup_lpc17xx.o(.text)
    BusFault_Handler                         0x0000017f   Thumb Code     2  startup_lpc17xx.o(.text)
    UsageFault_Handler                       0x00000181   Thumb Code     2  startup_lpc17xx.o(.text)
    SVC_Handler                              0x00000183   Thumb Code     2  startup_lpc17xx.o(.text)
    DebugMon_Handler                         0x00000185   Thumb Code     2  startup_lpc17xx.o(.text)
    PendSV_Handler                           0x00000187   Thumb Code     2  startup_lpc17xx.o(.text)
    SysTick_Handler                          0x00000189   Thumb Code     2  startup_lpc17xx.o(.text)
    ADC_IRQHandler                           0x0000018b   Thumb Code     0  startup_lpc17xx.o(.text)
    BOD_IRQHandler                           0x0000018b   Thumb Code     0  startup_lpc17xx.o(.text)
    CANActivity_IRQHandler                   0x0000018b   Thumb Code     0  startup_lpc17xx.o(.text)
    CAN_IRQHandler                           0x0000018b   Thumb Code     0  startup_lpc17xx.o(.text)
    DMA_IRQHandler                           0x0000018b   Thumb Code     0  startup_lpc17xx.o(.text)
    EINT0_IRQHandler                         0x0000018b   Thumb Code     0  startup_lpc17xx.o(.text)
    EINT1_IRQHandler                         0x0000018b   Thumb Code     0  startup_lpc17xx.o(.text)
    EINT2_IRQHandler                         0x0000018b   Thumb Code     0  startup_lpc17xx.o(.text)
    EINT3_IRQHandler                         0x0000018b   Thumb Code     0  startup_lpc17xx.o(.text)
    ENET_IRQHandler                          0x0000018b   Thumb Code     0  startup_lpc17xx.o(.text)
    I2C1_IRQHandler                          0x0000018b   Thumb Code     0  startup_lpc17xx.o(.text)
    I2C2_IRQHandler                          0x0000018b   Thumb Code     0  startup_lpc17xx.o(.text)
    I2S_IRQHandler                           0x0000018b   Thumb Code     0  startup_lpc17xx.o(.text)
    MCPWM_IRQHandler                         0x0000018b   Thumb Code     0  startup_lpc17xx.o(.text)
    PLL0_IRQHandler                          0x0000018b   Thumb Code     0  startup_lpc17xx.o(.text)
    PLL1_IRQHandler                          0x0000018b   Thumb Code     0  startup_lpc17xx.o(.text)
    PWM1_IRQHandler                          0x0000018b   Thumb Code     0  startup_lpc17xx.o(.text)
    QEI_IRQHandler                           0x0000018b   Thumb Code     0  startup_lpc17xx.o(.text)
    RIT_IRQHandler                           0x0000018b   Thumb Code     0  startup_lpc17xx.o(.text)
    SPI_IRQHandler                           0x0000018b   Thumb Code     0  startup_lpc17xx.o(.text)
    SSP0_IRQHandler                          0x0000018b   Thumb Code     0  startup_lpc17xx.o(.text)
    SSP1_IRQHandler                          0x0000018b   Thumb Code     0  startup_lpc17xx.o(.text)
    TIMER1_IRQHandler                        0x0000018b   Thumb Code     0  startup_lpc17xx.o(.text)
    TIMER2_IRQHandler                        0x0000018b   Thumb Code     0  startup_lpc17xx.o(.text)
    TIMER3_IRQHandler                        0x0000018b   Thumb Code     0  startup_lpc17xx.o(.text)
    UART0_IRQHandler                         0x0000018b   Thumb Code     0  startup_lpc17xx.o(.text)
    UART1_IRQHandler                         0x0000018b   Thumb Code     0  startup_lpc17xx.o(.text)
    UART2_IRQHandler                         0x0000018b   Thumb Code     0  startup_lpc17xx.o(.text)
    UART3_IRQHandler                         0x0000018b   Thumb Code     0  startup_lpc17xx.o(.text)
    USBActivity_IRQHandler                   0x0000018b   Thumb Code     0  startup_lpc17xx.o(.text)
    USB_IRQHandler                           0x0000018b   Thumb Code     0  startup_lpc17xx.o(.text)
    WDT_IRQHandler                           0x0000018b   Thumb Code     0  startup_lpc17xx.o(.text)
    __user_initial_stackheap                 0x0000018d   Thumb Code     0  startup_lpc17xx.o(.text)
    __2sprintf                               0x000001ad   Thumb Code    34  noretval__2sprintf.o(.text)
    __printf                                 0x000001d5   Thumb Code   104  __printf.o(.text)
    _printf_int_dec                          0x0000023d   Thumb Code   104  _printf_dec.o(.text)
    __use_two_region_memory                  0x000002b5   Thumb Code     2  heapauxi.o(.text)
    __rt_heap_escrow$2region                 0x000002b7   Thumb Code     2  heapauxi.o(.text)
    __rt_heap_expand$2region                 0x000002b9   Thumb Code     2  heapauxi.o(.text)
    _printf_char_common                      0x000002c7   Thumb Code    32  _printf_char_common.o(.text)
    _sputc                                   0x000002ed   Thumb Code    10  _sputc.o(.text)
    __I$use$semihosting                      0x000002f7   Thumb Code     0  use_no_semi.o(.text)
    __use_no_semihosting_swi                 0x000002f7   Thumb Code     2  use_no_semi.o(.text)
    __semihosting_library_function           0x000002f9   Thumb Code     0  indicate_semi.o(.text)
    __aeabi_memcpy                           0x00000301   Thumb Code     0  rt_memcpy_v6.o(.text)
    __rt_memcpy                              0x00000301   Thumb Code   138  rt_memcpy_v6.o(.text)
    _memcpy_lastbytes                        0x00000367   Thumb Code     0  rt_memcpy_v6.o(.text)
    _printf_int_common                       0x0000038b   Thumb Code   178  _printf_intcommon.o(.text)
    __aeabi_memcpy4                          0x0000043d   Thumb Code     0  rt_memcpy_w.o(.text)
    __aeabi_memcpy8                          0x0000043d   Thumb Code     0  rt_memcpy_w.o(.text)
    __rt_memcpy_w                            0x0000043d   Thumb Code   100  rt_memcpy_w.o(.text)
    _memcpy_lastbytes_aligned                0x00000485   Thumb Code     0  rt_memcpy_w.o(.text)
    __user_setup_stackheap                   0x000004a1   Thumb Code    74  sys_stackheap_outer.o(.text)
    exit                                     0x000004eb   Thumb Code    18  exit.o(.text)
    __user_libspace                          0x000004fd   Thumb Code     8  libspace.o(.text)
    __user_perproc_libspace                  0x000004fd   Thumb Code     0  libspace.o(.text)
    __user_perthread_libspace                0x000004fd   Thumb Code     0  libspace.o(.text)
    _sys_exit                                0x00000505   Thumb Code     8  sys_exit.o(.text)
    GPIO_PinRead                             0x00000511   Thumb Code    28  gpio_lpc17xx.o(i.GPIO_PinRead)
    GPIO_PortClock                           0x00000531   Thumb Code    38  gpio_lpc17xx.o(i.GPIO_PortClock)
    GPIO_SetDir                              0x0000055d   Thumb Code    52  gpio_lpc17xx.o(i.GPIO_SetDir)
    GetASCIICode                             0x00000595   Thumb Code    40  asciilib.o(i.GetASCIICode)
    I2C0_IRQHandler                          0x000005c1   Thumb Code   606  i2c.o(i.I2C0_IRQHandler)
    I2CInit                                  0x000008d9   Thumb Code    80  i2c.o(i.I2CInit)
    Joystick_GetState                        0x0000092d   Thumb Code    88  joystick_open1768.o(i.Joystick_GetState)
    Joystick_Initialize                      0x00000989   Thumb Code    68  joystick_open1768.o(i.Joystick_Initialize)
    PIN_Configure                            0x000009d1   Thumb Code   246  pin_lpc17xx.o(i.PIN_Configure)
    RTC_IRQHandler                           0x00000acd   Thumb Code    16  uart.o(i.RTC_IRQHandler)
    SystemInit                               0x00000ae9   Thumb Code   302  system_lpc17xx.o(i.SystemInit)
    TIMER0_IRQHandler                        0x00000c29   Thumb Code    18  uart.o(i.TIMER0_IRQHandler)
    addPositions                             0x00000c45   Thumb Code    42  maze.o(i.addPositions)
    checkIfCouldMove                         0x00000c6f   Thumb Code   234  player.o(i.checkIfCouldMove)
    clearCells                               0x00000d59   Thumb Code    20  maze.o(i.clearCells)
    delay_ms                                 0x00000d6d   Thumb Code    30  lcd_ili9325.o(i.delay_ms)
    drawLine                                 0x00000d8b   Thumb Code   250  graphics.o(i.drawLine)
    drawLiterka                              0x00000e85   Thumb Code    90  graphics.o(i.drawLiterka)
    drawMainMenu                             0x00000ee1   Thumb Code   158  menu.o(i.drawMainMenu)
    drawMaze                                 0x00000fa1   Thumb Code   290  mazegraphic.o(i.drawMaze)
    drawPlayer                               0x000010c3   Thumb Code    78  mazegraphic.o(i.drawPlayer)
    drawRectangle                            0x00001111   Thumb Code    82  graphics.o(i.drawRectangle)
    drawSelectSize                           0x00001165   Thumb Code   392  menu.o(i.drawSelectSize)
    drawString                               0x00001309   Thumb Code    42  graphics.o(i.drawString)
    fillWindow                               0x00001333   Thumb Code    48  graphics.o(i.fillWindow)
    findCellByPosition                       0x00001363   Thumb Code    32  maze.o(i.findCellByPosition)
    generateMaze                             0x00001385   Thumb Code   260  maze.o(i.generateMaze)
    generateRandomValue                      0x0000148d   Thumb Code    90  maze.o(i.generateRandomValue)
    getData                                  0x000014f5   Thumb Code   334  gyro.o(i.getData)
    getIndexFromPosition                     0x0000164d   Thumb Code    20  maze.o(i.getIndexFromPosition)
    getMoveVector                            0x00001661   Thumb Code    88  player.o(i.getMoveVector)
    getNeighborIndex                         0x000016b9   Thumb Code    36  maze.o(i.getNeighborIndex)
    getPositionFromIndex                     0x000016dd   Thumb Code    36  maze.o(i.getPositionFromIndex)
    getPotentialNeighborsInRandomOrder       0x00001701   Thumb Code   156  maze.o(i.getPotentialNeighborsInRandomOrder)
    getReceivedData                          0x000017a1   Thumb Code    92  i2c.o(i.getReceivedData)
    getUnvisitedNeighbor                     0x00001811   Thumb Code    98  maze.o(i.getUnvisitedNeighbor)
    get_abs                                  0x00001873   Thumb Code    16  graphics.o(i.get_abs)
    hasDownBorder                            0x00001883   Thumb Code    30  maze.o(i.hasDownBorder)
    hasRightBorder                           0x000018a1   Thumb Code    10  maze.o(i.hasRightBorder)
    inMazeBoundaries                         0x000018ab   Thumb Code    50  maze.o(i.inMazeBoundaries)
    initGraphics                             0x000018dd   Thumb Code    12  graphics.o(i.initGraphics)
    initGyro                                 0x000018e9   Thumb Code   172  gyro.o(i.initGyro)
    initMaze                                 0x000019ad   Thumb Code    60  maze.o(i.initMaze)
    initPlayer                               0x000019e9   Thumb Code    24  player.o(i.initPlayer)
    initPositions                            0x00001a01   Thumb Code    42  maze.o(i.initPositions)
    initStack                                0x00001a2b   Thumb Code    10  maze.o(i.initStack)
    initUart                                 0x00001a35   Thumb Code    60  uart.o(i.initUart)
    init_ILI9325                             0x00001a75   Thumb Code   468  lcd_ili9325.o(i.init_ILI9325)
    isQueueFull                              0x00001c49   Thumb Code    12  uart.o(i.isQueueFull)
    lcdConfiguration                         0x00001c59   Thumb Code    36  open1768_lcd.o(i.lcdConfiguration)
    lcdSend                                  0x00001c81   Thumb Code    40  open1768_lcd.o(i.lcdSend)
    lcdWriteData                             0x00001cad   Thumb Code    50  open1768_lcd.o(i.lcdWriteData)
    lcdWriteIndex                            0x00001ce5   Thumb Code    60  open1768_lcd.o(i.lcdWriteIndex)
    lcdWriteReg                              0x00001d25   Thumb Code    20  open1768_lcd.o(i.lcdWriteReg)
    main                                     0x00001d39   Thumb Code   450  main.o(i.main)
    movePlayer                               0x00002041   Thumb Code    26  player.o(i.movePlayer)
    notInVisitedPositions                    0x0000205b   Thumb Code    38  maze.o(i.notInVisitedPositions)
    notWithinBounds                          0x00002081   Thumb Code    18  maze.o(i.notWithinBounds)
    positionsCompare                         0x00002093   Thumb Code    44  maze.o(i.positionsCompare)
    preparePosition                          0x000020bf   Thumb Code    24  maze.o(i.preparePosition)
    setWalls                                 0x000020d7   Thumb Code   178  maze.o(i.setWalls)
    stackEmpty                               0x00002189   Thumb Code    14  maze.o(i.stackEmpty)
    stackPop                                 0x00002197   Thumb Code    26  maze.o(i.stackPop)
    stackPush                                0x000021b1   Thumb Code    24  maze.o(i.stackPush)
    startMasterReceive                       0x000021c9   Thumb Code    42  i2c.o(i.startMasterReceive)
    startMasterTransmit                      0x00002209   Thumb Code    44  i2c.o(i.startMasterTransmit)
    swapArrayElements                        0x00002249   Thumb Code    20  maze.o(i.swapArrayElements)
    updateMainMenu                           0x0000225d   Thumb Code   140  menu.o(i.updateMainMenu)
    updateSelectSize                         0x00002325   Thumb Code   232  menu.o(i.updateSelectSize)
    wait_delay                               0x0000242d   Thumb Code    18  open1768_lcd.o(i.wait_delay)
    writeString                              0x00002441   Thumb Code    46  uart.o(i.writeString)
    Region$$Table$$Base                      0x0000307c   Number         0  anon$$obj.o(Region$$Table)
    Region$$Table$$Limit                     0x000030ac   Number         0  anon$$obj.o(Region$$Table)
    stack                                    0x10000000   Data          12  main.o(.bss)
    maze                                     0x1000000c   Data          28  main.o(.bss)
    cells                                    0x10000028   Data        3600  main.o(.bss)
    player                                   0x10000e38   Data          12  main.o(.bss)
    positions                                0x10000e44   Data        3600  main.o(.bss)
    stackPositions                           0x10001c54   Data        3600  main.o(.bss)
    visitedPositions                         0x10002a64   Data        3600  main.o(.bss)
    counter                                  0x2007c000   Data           4  maze.o(.data)
    IS_READY                                 0x2007c014   Data           4  i2c.o(.data)
    I2CMasterState                           0x2007c018   Data           4  i2c.o(.data)
    I2CTransmitLength                        0x2007c01c   Data           4  i2c.o(.data)
    I2CReceiveLength                         0x2007c020   Data           4  i2c.o(.data)
    RdIndex                                  0x2007c024   Data           4  i2c.o(.data)
    WrIndex                                  0x2007c028   Data           4  i2c.o(.data)
    SLA_INIT                                 0x2007c02c   Data           1  i2c.o(.data)
    appState                                 0x2007c02d   Data           1  menu.o(.data)
    verticalKeyCounter                       0x2007c02e   Data           1  menu.o(.data)
    horizontalKeyCounter                     0x2007c02f   Data           1  menu.o(.data)
    maze_width                               0x2007c030   Data           1  menu.o(.data)
    maze_height                              0x2007c031   Data           1  menu.o(.data)
    I2CMasterTransmitBuffer                  0x2007c034   Data          32  i2c.o(.bss)
    I2CMasterReceiveBuffer                   0x2007c054   Data          32  i2c.o(.bss)
    __libspace_start                         0x2007c074   Data          96  libspace.o(.bss)
    __temporary_stack_top$libspace           0x2007c0d4   Data           0  libspace.o(.bss)



==============================================================================

Memory Map of the image

  Image Entry point : 0x000000cd

  Load Region LR_IROM1 (Base: 0x00000000, Size: 0x000030e0, Max: 0x00080000, ABSOLUTE)

    Execution Region ER_IROM1 (Exec base: 0x00000000, Load base: 0x00000000, Size: 0x000030ac, Max: 0x00080000, ABSOLUTE)

    Exec Addr    Load Addr    Size         Type   Attr      Idx    E Section Name        Object

    0x00000000   0x00000000   0x000000cc   Data   RO          951    RESET               startup_lpc17xx.o
    0x000000cc   0x000000cc   0x00000008   Code   RO         1087  * !!!main             c_w.l(__main.o)
    0x000000d4   0x000000d4   0x00000034   Code   RO         1265    !!!scatter          c_w.l(__scatter.o)
    0x00000108   0x00000108   0x0000001a   Code   RO         1267    !!handler_copy      c_w.l(__scatter_copy.o)
    0x00000122   0x00000122   0x00000002   PAD
    0x00000124   0x00000124   0x0000001c   Code   RO         1269    !!handler_zi        c_w.l(__scatter_zi.o)
    0x00000140   0x00000140   0x00000000   Code   RO         1082    .ARM.Collect$$_printf_percent$$00000000  c_w.l(_printf_percent.o)
    0x00000140   0x00000140   0x00000006   Code   RO         1081    .ARM.Collect$$_printf_percent$$00000009  c_w.l(_printf_d.o)
    0x00000146   0x00000146   0x00000004   Code   RO         1100    .ARM.Collect$$_printf_percent$$00000017  c_w.l(_printf_percent_end.o)
    0x0000014a   0x0000014a   0x00000002   Code   RO         1135    .ARM.Collect$$libinit$$00000000  c_w.l(libinit.o)
    0x0000014c   0x0000014c   0x00000000   Code   RO         1148    .ARM.Collect$$libinit$$00000002  c_w.l(libinit2.o)
    0x0000014c   0x0000014c   0x00000000   Code   RO         1150    .ARM.Collect$$libinit$$00000004  c_w.l(libinit2.o)
    0x0000014c   0x0000014c   0x00000000   Code   RO         1153    .ARM.Collect$$libinit$$0000000A  c_w.l(libinit2.o)
    0x0000014c   0x0000014c   0x00000000   Code   RO         1155    .ARM.Collect$$libinit$$0000000C  c_w.l(libinit2.o)
    0x0000014c   0x0000014c   0x00000000   Code   RO         1157    .ARM.Collect$$libinit$$0000000E  c_w.l(libinit2.o)
    0x0000014c   0x0000014c   0x00000000   Code   RO         1160    .ARM.Collect$$libinit$$00000011  c_w.l(libinit2.o)
    0x0000014c   0x0000014c   0x00000000   Code   RO         1162    .ARM.Collect$$libinit$$00000013  c_w.l(libinit2.o)
    0x0000014c   0x0000014c   0x00000000   Code   RO         1164    .ARM.Collect$$libinit$$00000015  c_w.l(libinit2.o)
    0x0000014c   0x0000014c   0x00000000   Code   RO         1166    .ARM.Collect$$libinit$$00000017  c_w.l(libinit2.o)
    0x0000014c   0x0000014c   0x00000000   Code   RO         1168    .ARM.Collect$$libinit$$00000019  c_w.l(libinit2.o)
    0x0000014c   0x0000014c   0x00000000   Code   RO         1170    .ARM.Collect$$libinit$$0000001B  c_w.l(libinit2.o)
    0x0000014c   0x0000014c   0x00000000   Code   RO         1172    .ARM.Collect$$libinit$$0000001D  c_w.l(libinit2.o)
    0x0000014c   0x0000014c   0x00000000   Code   RO         1174    .ARM.Collect$$libinit$$0000001F  c_w.l(libinit2.o)
    0x0000014c   0x0000014c   0x00000000   Code   RO         1176    .ARM.Collect$$libinit$$00000021  c_w.l(libinit2.o)
    0x0000014c   0x0000014c   0x00000000   Code   RO         1178    .ARM.Collect$$libinit$$00000023  c_w.l(libinit2.o)
    0x0000014c   0x0000014c   0x00000000   Code   RO         1180    .ARM.Collect$$libinit$$00000025  c_w.l(libinit2.o)
    0x0000014c   0x0000014c   0x00000000   Code   RO         1184    .ARM.Collect$$libinit$$0000002C  c_w.l(libinit2.o)
    0x0000014c   0x0000014c   0x00000000   Code   RO         1186    .ARM.Collect$$libinit$$0000002E  c_w.l(libinit2.o)
    0x0000014c   0x0000014c   0x00000000   Code   RO         1188    .ARM.Collect$$libinit$$00000030  c_w.l(libinit2.o)
    0x0000014c   0x0000014c   0x00000000   Code   RO         1190    .ARM.Collect$$libinit$$00000032  c_w.l(libinit2.o)
    0x0000014c   0x0000014c   0x00000002   Code   RO         1191    .ARM.Collect$$libinit$$00000033  c_w.l(libinit2.o)
    0x0000014e   0x0000014e   0x00000002   Code   RO         1222    .ARM.Collect$$libshutdown$$00000000  c_w.l(libshutdown.o)
    0x00000150   0x00000150   0x00000000   Code   RO         1248    .ARM.Collect$$libshutdown$$00000002  c_w.l(libshutdown2.o)
    0x00000150   0x00000150   0x00000000   Code   RO         1250    .ARM.Collect$$libshutdown$$00000004  c_w.l(libshutdown2.o)
    0x00000150   0x00000150   0x00000000   Code   RO         1253    .ARM.Collect$$libshutdown$$00000007  c_w.l(libshutdown2.o)
    0x00000150   0x00000150   0x00000000   Code   RO         1256    .ARM.Collect$$libshutdown$$0000000A  c_w.l(libshutdown2.o)
    0x00000150   0x00000150   0x00000000   Code   RO         1258    .ARM.Collect$$libshutdown$$0000000C  c_w.l(libshutdown2.o)
    0x00000150   0x00000150   0x00000000   Code   RO         1261    .ARM.Collect$$libshutdown$$0000000F  c_w.l(libshutdown2.o)
    0x00000150   0x00000150   0x00000002   Code   RO         1262    .ARM.Collect$$libshutdown$$00000010  c_w.l(libshutdown2.o)
    0x00000152   0x00000152   0x00000000   Code   RO         1089    .ARM.Collect$$rtentry$$00000000  c_w.l(__rtentry.o)
    0x00000152   0x00000152   0x00000000   Code   RO         1104    .ARM.Collect$$rtentry$$00000002  c_w.l(__rtentry2.o)
    0x00000152   0x00000152   0x00000006   Code   RO         1116    .ARM.Collect$$rtentry$$00000004  c_w.l(__rtentry4.o)
    0x00000158   0x00000158   0x00000000   Code   RO         1106    .ARM.Collect$$rtentry$$00000009  c_w.l(__rtentry2.o)
    0x00000158   0x00000158   0x00000004   Code   RO         1107    .ARM.Collect$$rtentry$$0000000A  c_w.l(__rtentry2.o)
    0x0000015c   0x0000015c   0x00000000   Code   RO         1109    .ARM.Collect$$rtentry$$0000000C  c_w.l(__rtentry2.o)
    0x0000015c   0x0000015c   0x00000008   Code   RO         1110    .ARM.Collect$$rtentry$$0000000D  c_w.l(__rtentry2.o)
    0x00000164   0x00000164   0x00000002   Code   RO         1139    .ARM.Collect$$rtexit$$00000000  c_w.l(rtexit.o)
    0x00000166   0x00000166   0x00000000   Code   RO         1195    .ARM.Collect$$rtexit$$00000002  c_w.l(rtexit2.o)
    0x00000166   0x00000166   0x00000004   Code   RO         1196    .ARM.Collect$$rtexit$$00000003  c_w.l(rtexit2.o)
    0x0000016a   0x0000016a   0x00000006   Code   RO         1197    .ARM.Collect$$rtexit$$00000004  c_w.l(rtexit2.o)
    0x00000170   0x00000170   0x0000003c   Code   RO          953    .text               startup_lpc17xx.o
    0x000001ac   0x000001ac   0x00000028   Code   RO         1055    .text               c_w.l(noretval__2sprintf.o)
    0x000001d4   0x000001d4   0x00000068   Code   RO         1057    .text               c_w.l(__printf.o)
    0x0000023c   0x0000023c   0x00000078   Code   RO         1059    .text               c_w.l(_printf_dec.o)
    0x000002b4   0x000002b4   0x00000006   Code   RO         1085    .text               c_w.l(heapauxi.o)
    0x000002ba   0x000002ba   0x00000002   PAD
    0x000002bc   0x000002bc   0x00000030   Code   RO         1096    .text               c_w.l(_printf_char_common.o)
    0x000002ec   0x000002ec   0x0000000a   Code   RO         1098    .text               c_w.l(_sputc.o)
    0x000002f6   0x000002f6   0x00000002   Code   RO         1211    .text               c_w.l(use_no_semi.o)
    0x000002f8   0x000002f8   0x00000000   Code   RO         1213    .text               c_w.l(indicate_semi.o)
    0x000002f8   0x000002f8   0x00000004   PAD
    0x000002fc   0x000002fc   0x00000004   Code   RO          952    .ARM.__at_0x02FC    startup_lpc17xx.o
    0x00000300   0x00000300   0x0000008a   Code   RO         1083    .text               c_w.l(rt_memcpy_v6.o)
    0x0000038a   0x0000038a   0x000000b2   Code   RO         1094    .text               c_w.l(_printf_intcommon.o)
    0x0000043c   0x0000043c   0x00000064   Code   RO         1101    .text               c_w.l(rt_memcpy_w.o)
    0x000004a0   0x000004a0   0x0000004a   Code   RO         1122    .text               c_w.l(sys_stackheap_outer.o)
    0x000004ea   0x000004ea   0x00000012   Code   RO         1124    .text               c_w.l(exit.o)
    0x000004fc   0x000004fc   0x00000008   Code   RO         1136    .text               c_w.l(libspace.o)
    0x00000504   0x00000504   0x0000000c   Code   RO         1192    .text               c_w.l(sys_exit.o)
    0x00000510   0x00000510   0x00000020   Code   RO          998    i.GPIO_PinRead      gpio_lpc17xx.o
    0x00000530   0x00000530   0x0000002c   Code   RO         1000    i.GPIO_PortClock    gpio_lpc17xx.o
    0x0000055c   0x0000055c   0x00000038   Code   RO         1003    i.GPIO_SetDir       gpio_lpc17xx.o
    0x00000594   0x00000594   0x0000002c   Code   RO          459    i.GetASCIICode      asciilib.o
    0x000005c0   0x000005c0   0x00000318   Code   RO          587    i.I2C0_IRQHandler   i2c.o
    0x000008d8   0x000008d8   0x00000054   Code   RO          588    i.I2CInit           i2c.o
    0x0000092c   0x0000092c   0x0000005c   Code   RO          819    i.Joystick_GetState  joystick_open1768.o
    0x00000988   0x00000988   0x00000048   Code   RO          820    i.Joystick_Initialize  joystick_open1768.o
    0x000009d0   0x000009d0   0x000000fc   Code   RO          916    i.PIN_Configure     pin_lpc17xx.o
    0x00000acc   0x00000acc   0x0000001c   Code   RO          509    i.RTC_IRQHandler    uart.o
    0x00000ae8   0x00000ae8   0x00000140   Code   RO          963    i.SystemInit        system_lpc17xx.o
    0x00000c28   0x00000c28   0x0000001c   Code   RO          510    i.TIMER0_IRQHandler  uart.o
    0x00000c44   0x00000c44   0x0000002a   Code   RO          180    i.addPositions      maze.o
    0x00000c6e   0x00000c6e   0x000000ea   Code   RO          686    i.checkIfCouldMove  player.o
    0x00000d58   0x00000d58   0x00000014   Code   RO          181    i.clearCells        maze.o
    0x00000d6c   0x00000d6c   0x0000001e   Code   RO          343    i.delay_ms          lcd_ili9325.o
    0x00000d8a   0x00000d8a   0x000000fa   Code   RO          114    i.drawLine          graphics.o
    0x00000e84   0x00000e84   0x0000005a   Code   RO          115    i.drawLiterka       graphics.o
    0x00000ede   0x00000ede   0x00000002   PAD
    0x00000ee0   0x00000ee0   0x000000c0   Code   RO          723    i.drawMainMenu      menu.o
    0x00000fa0   0x00000fa0   0x00000122   Code   RO          659    i.drawMaze          mazegraphic.o
    0x000010c2   0x000010c2   0x0000004e   Code   RO          660    i.drawPlayer        mazegraphic.o
    0x00001110   0x00001110   0x00000052   Code   RO          116    i.drawRectangle     graphics.o
    0x00001162   0x00001162   0x00000002   PAD
    0x00001164   0x00001164   0x000001a4   Code   RO          724    i.drawSelectSize    menu.o
    0x00001308   0x00001308   0x0000002a   Code   RO          118    i.drawString        graphics.o
    0x00001332   0x00001332   0x00000030   Code   RO          119    i.fillWindow        graphics.o
    0x00001362   0x00001362   0x00000020   Code   RO          182    i.findCellByPosition  maze.o
    0x00001382   0x00001382   0x00000002   PAD
    0x00001384   0x00001384   0x00000108   Code   RO          183    i.generateMaze      maze.o
    0x0000148c   0x0000148c   0x00000068   Code   RO          184    i.generateRandomValue  maze.o
    0x000014f4   0x000014f4   0x00000158   Code   RO          479    i.getData           gyro.o
    0x0000164c   0x0000164c   0x00000014   Code   RO          185    i.getIndexFromPosition  maze.o
    0x00001660   0x00001660   0x00000058   Code   RO          687    i.getMoveVector     player.o
    0x000016b8   0x000016b8   0x00000024   Code   RO          186    i.getNeighborIndex  maze.o
    0x000016dc   0x000016dc   0x00000024   Code   RO          187    i.getPositionFromIndex  maze.o
    0x00001700   0x00001700   0x000000a0   Code   RO          188    i.getPotentialNeighborsInRandomOrder  maze.o
    0x000017a0   0x000017a0   0x00000070   Code   RO          591    i.getReceivedData   i2c.o
    0x00001810   0x00001810   0x00000062   Code   RO          189    i.getUnvisitedNeighbor  maze.o
    0x00001872   0x00001872   0x00000010   Code   RO          120    i.get_abs           graphics.o
    0x00001882   0x00001882   0x0000001e   Code   RO          190    i.hasDownBorder     maze.o
    0x000018a0   0x000018a0   0x0000000a   Code   RO          191    i.hasRightBorder    maze.o
    0x000018aa   0x000018aa   0x00000032   Code   RO          192    i.inMazeBoundaries  maze.o
    0x000018dc   0x000018dc   0x0000000c   Code   RO          121    i.initGraphics      graphics.o
    0x000018e8   0x000018e8   0x000000c4   Code   RO          480    i.initGyro          gyro.o
    0x000019ac   0x000019ac   0x0000003c   Code   RO          193    i.initMaze          maze.o
    0x000019e8   0x000019e8   0x00000018   Code   RO          688    i.initPlayer        player.o
    0x00001a00   0x00001a00   0x0000002a   Code   RO          194    i.initPositions     maze.o
    0x00001a2a   0x00001a2a   0x0000000a   Code   RO          195    i.initStack         maze.o
    0x00001a34   0x00001a34   0x00000040   Code   RO          514    i.initUart          uart.o
    0x00001a74   0x00001a74   0x000001d4   Code   RO          344    i.init_ILI9325      lcd_ili9325.o
    0x00001c48   0x00001c48   0x00000010   Code   RO          515    i.isQueueFull       uart.o
    0x00001c58   0x00001c58   0x00000028   Code   RO          379    i.lcdConfiguration  open1768_lcd.o
    0x00001c80   0x00001c80   0x0000002c   Code   RO          383    i.lcdSend           open1768_lcd.o
    0x00001cac   0x00001cac   0x00000038   Code   RO          385    i.lcdWriteData      open1768_lcd.o
    0x00001ce4   0x00001ce4   0x00000040   Code   RO          386    i.lcdWriteIndex     open1768_lcd.o
    0x00001d24   0x00001d24   0x00000014   Code   RO          387    i.lcdWriteReg       open1768_lcd.o
    0x00001d38   0x00001d38   0x00000308   Code   RO            4    i.main              main.o
    0x00002040   0x00002040   0x0000001a   Code   RO          689    i.movePlayer        player.o
    0x0000205a   0x0000205a   0x00000026   Code   RO          196    i.notInVisitedPositions  maze.o
    0x00002080   0x00002080   0x00000012   Code   RO          197    i.notWithinBounds   maze.o
    0x00002092   0x00002092   0x0000002c   Code   RO          198    i.positionsCompare  maze.o
    0x000020be   0x000020be   0x00000018   Code   RO          199    i.preparePosition   maze.o
    0x000020d6   0x000020d6   0x000000b2   Code   RO          200    i.setWalls          maze.o
    0x00002188   0x00002188   0x0000000e   Code   RO          201    i.stackEmpty        maze.o
    0x00002196   0x00002196   0x0000001a   Code   RO          202    i.stackPop          maze.o
    0x000021b0   0x000021b0   0x00000018   Code   RO          203    i.stackPush         maze.o
    0x000021c8   0x000021c8   0x00000040   Code   RO          592    i.startMasterReceive  i2c.o
    0x00002208   0x00002208   0x00000040   Code   RO          593    i.startMasterTransmit  i2c.o
    0x00002248   0x00002248   0x00000014   Code   RO          204    i.swapArrayElements  maze.o
    0x0000225c   0x0000225c   0x000000c8   Code   RO          725    i.updateMainMenu    menu.o
    0x00002324   0x00002324   0x00000108   Code   RO          726    i.updateSelectSize  menu.o
    0x0000242c   0x0000242c   0x00000012   Code   RO          445    i.wait_delay        open1768_lcd.o
    0x0000243e   0x0000243e   0x00000002   PAD
    0x00002440   0x00002440   0x00000034   Code   RO          517    i.writeString       uart.o
    0x00002474   0x00002474   0x0000001c   Data   RO          205    .constdata          maze.o
    0x00002490   0x00002490   0x00000be0   Data   RO          460    .constdata          asciilib.o
    0x00003070   0x00003070   0x0000000a   Data   RO          822    .constdata          joystick_open1768.o
    0x0000307a   0x0000307a   0x00000002   PAD
    0x0000307c   0x0000307c   0x00000030   Data   RO         1263    Region$$Table       anon$$obj.o


    Execution Region RW_IRAM1 (Exec base: 0x10000000, Load base: 0x000030ac, Size: 0x00003874, Max: 0x00008000, ABSOLUTE)

    Exec Addr    Load Addr    Size         Type   Attr      Idx    E Section Name        Object

    0x10000000        -       0x00003874   Zero   RW            5    .bss                main.o


    Execution Region RW_IRAM2 (Exec base: 0x2007c000, Load base: 0x000030ac, Size: 0x000030d8, Max: 0x00008000, ABSOLUTE)

    Exec Addr    Load Addr    Size         Type   Attr      Idx    E Section Name        Object

    0x2007c000   0x000030ac   0x00000014   Data   RW          206    .data               maze.o
    0x2007c014   0x000030c0   0x00000019   Data   RW          596    .data               i2c.o
    0x2007c02d   0x000030d9   0x00000005   Data   RW          727    .data               menu.o
    0x2007c032   0x000030de   0x00000002   PAD
    0x2007c034        -       0x00000040   Zero   RW          594    .bss                i2c.o
    0x2007c074        -       0x00000060   Zero   RW         1137    .bss                c_w.l(libspace.o)
    0x2007c0d4   0x000030de   0x00000004   PAD
    0x2007c0d8        -       0x00000000   Zero   RW          950    HEAP                startup_lpc17xx.o
    0x2007c0d8        -       0x00003000   Zero   RW          949    STACK               startup_lpc17xx.o


==============================================================================

Image component sizes


      Code (inc. data)   RO Data    RW Data    ZI Data      Debug   Object Name

        44          4       3040          0          0       1199   asciilib.o
       132         14          0          0          0       1694   gpio_lpc17xx.o
       540          0          0          0          0       4804   graphics.o
       540         34          0          0          0       1649   gyro.o
      1116        264          0         25         64       4182   i2c.o
       164          8         10          0          0       2202   joystick_open1768.o
       498          0          0          0          0       1126   lcd_ili9325.o
       776        326          0          0      14452      25979   main.o
      1400         22         28         20          0      15094   maze.o
       368          0          0          0          0       2048   mazegraphic.o
      1076        154          0          5          0       2706   menu.o
       242         18          0          0          0       3191   open1768_lcd.o
       252          6          0          0          0        804   pin_lpc17xx.o
       372          0          0          0          0       2985   player.o
        64         26        204          0      12288       1008   startup_lpc17xx.o
       320         18          0          0          0        577   system_lpc17xx.o
       188         36          0          0          0      29075   uart.o

    ----------------------------------------------------------------------
      8100        930       3332         52      26804     100323   Object Totals
         0          0         48          0          0          0   (incl. Generated)
         8          0          2          2          0          0   (incl. Padding)

    ----------------------------------------------------------------------

      Code (inc. data)   RO Data    RW Data    ZI Data      Debug   Library Member Name

         8          0          0          0          0         68   __main.o
       104          0          0          0          0         84   __printf.o
         0          0          0          0          0          0   __rtentry.o
        12          0          0          0          0          0   __rtentry2.o
         6          0          0          0          0          0   __rtentry4.o
        52          8          0          0          0          0   __scatter.o
        26          0          0          0          0          0   __scatter_copy.o
        28          0          0          0          0          0   __scatter_zi.o
        48          6          0          0          0         96   _printf_char_common.o
         6          0          0          0          0          0   _printf_d.o
       120         16          0          0          0         92   _printf_dec.o
       178          0          0          0          0         88   _printf_intcommon.o
         0          0          0          0          0          0   _printf_percent.o
         4          0          0          0          0          0   _printf_percent_end.o
        10          0          0          0          0         68   _sputc.o
        18          0          0          0          0         80   exit.o
         6          0          0          0          0        152   heapauxi.o
         0          0          0          0          0          0   indicate_semi.o
         2          0          0          0          0          0   libinit.o
         2          0          0          0          0          0   libinit2.o
         2          0          0          0          0          0   libshutdown.o
         2          0          0          0          0          0   libshutdown2.o
         8          4          0          0         96         68   libspace.o
        40          6          0          0          0         84   noretval__2sprintf.o
       138          0          0          0          0         68   rt_memcpy_v6.o
       100          0          0          0          0         80   rt_memcpy_w.o
         2          0          0          0          0          0   rtexit.o
        10          0          0          0          0          0   rtexit2.o
        12          4          0          0          0         68   sys_exit.o
        74          0          0          0          0         80   sys_stackheap_outer.o
         2          0          0          0          0         68   use_no_semi.o

    ----------------------------------------------------------------------
      1028         44          0          0        100       1244   Library Totals
         8          0          0          0          4          0   (incl. Padding)

    ----------------------------------------------------------------------

      Code (inc. data)   RO Data    RW Data    ZI Data      Debug   Library Name

      1020         44          0          0         96       1244   c_w.l

    ----------------------------------------------------------------------
      1028         44          0          0        100       1244   Library Totals

    ----------------------------------------------------------------------

==============================================================================


      Code (inc. data)   RO Data    RW Data    ZI Data      Debug   

      9128        974       3332         52      26904      97507   Grand Totals
      9128        974       3332         52      26904      97507   ELF Image Totals
      9128        974       3332         52          0          0   ROM Totals

==============================================================================

    Total RO  Size (Code + RO Data)                12460 (  12.17kB)
    Total RW  Size (RW Data + ZI Data)             26956 (  26.32kB)
    Total ROM Size (Code + RO Data + RW Data)      12512 (  12.22kB)

==============================================================================

