<html>
<body>
<pre>
<h1>µVision Build Log</h1>
<h2>Tool Versions:</h2>
IDE-Version: µVision V5.27.0.0
Copyright (C) 2018 ARM Ltd and ARM Germany GmbH. All rights reserved.
License Information: Andrzej Skoczeñ AGH Flex license: MDK-ARM Professional (mdk_pro) Operation stops: 10 Sep 2023
 
Tool Versions:
Toolchain:       MDK-ARM Professional  Version: 5.27.0.0
Toolchain Path:  C:\Keil_v5\ARM\ARMCC\Bin
C Compiler:      Armcc.exe V5.06 update 6 (build 750)
Assembler:       Armasm.exe V5.06 update 6 (build 750)
Linker/Locator:  ArmLink.exe V5.06 update 6 (build 750)
Library Manager: ArmAr.exe V5.06 update 6 (build 750)
Hex Converter:   FromElf.exe V5.06 update 6 (build 750)
CPU DLL:         SARMCM3.DLL V5.27.0.0
Dialog DLL:      DCM.DLL V1.17.2.0
Target DLL:      UL2CM3.DLL V1.162.7.0
Dialog DLL:      TCM.DLL V1.36.1.0
 
<h2>Project:</h2>
C:\Users\8naleznik\Desktop\GyroMaze\GyroMaze\proj.uvprojx
Project File Date:  01/15/2021

<h2>Output:</h2>
*** Using Compiler 'V5.06 update 6 (build 750)', folder: 'C:\Keil_v5\ARM\ARMCC\Bin'
Rebuild target 'Target 1'
compiling maze.c...
maze.h(84): warning:  #1295-D: Deprecated declaration generateRandomValue - give arg types
  int generateRandomValue();
maze.h(89): warning:  #1-D: last line of file ends without a newline
  #endif
maze.c(224): warning:  #175-D: subscript out of range
      x[2] = x[3];
maze.c(225): warning:  #175-D: subscript out of range
      x[3] = x_i;
maze.c(291): warning:  #1-D: last line of file ends without a newline
  }
maze.c: 5 warnings, 0 errors
compiling LCD_ILI9325.c...
compiling Open1768_LCD.c...
compiling asciiLib.c...
compiling graphics.c...
compiling main.c...
maze.h(84): warning:  #1295-D: Deprecated declaration generateRandomValue - give arg types
  int generateRandomValue();
maze.h(89): warning:  #1-D: last line of file ends without a newline
  #endif
player.h(23): warning:  #1-D: last line of file ends without a newline
  #endif
i2c.h(22): warning:  #1295-D: Deprecated declaration I2CInit - give arg types
  void I2CInit(); 
i2c.h(23): warning:  #1295-D: Deprecated declaration I2CStart - give arg types
  uint8_t I2CStart(); 
i2c.h(26): warning:  #1295-D: Deprecated declaration I2C0_IRQHandler - give arg types
  void I2C0_IRQHandler(); 
i2c.h(27): warning:  #1295-D: Deprecated declaration getReceivedData - give arg types
  volatile int8_t* getReceivedData();
i2c.h(28): warning:  #1295-D: Deprecated declaration I2CStop - give arg types
  void I2CStop(); 
i2c.h(30): warning:  #1-D: last line of file ends without a newline
  #endif
uart.h(4): warning:  #1295-D: Deprecated declaration isQueueFull - give arg types
  int isQueueFull();
uart.h(5): warning:  #1295-D: Deprecated declaration isReceiverReady - give arg types
  int isReceiverReady();
uart.h(7): warning:  #1295-D: Deprecated declaration initUart - give arg types
  void initUart();
uart.h(8): warning:  #1295-D: Deprecated declaration initTimer0 - give arg types
  void initTimer0();
uart.h(9): warning:  #1295-D: Deprecated declaration TIMER0_IRQHandler - give arg types
  void TIMER0_IRQHandler();
uart.h(10): warning:  #1295-D: Deprecated declaration initRTC - give arg types
  void initRTC();
uart.h(11): warning:  #1295-D: Deprecated declaration RTC_IRQHandler - give arg types
  void RTC_IRQHandler();
uart.h(13): warning:  #1-D: last line of file ends without a newline
  #endif
gyro.h(15): warning:  #1295-D: Deprecated declaration initGyro - give arg types
  void initGyro();
gyro.h(18): warning:  #1-D: last line of file ends without a newline
  #endif
mazeGraphic.h(11): warning:  #1-D: last line of file ends without a newline
  #endif
main.c: 20 warnings, 0 errors
compiling player.c...
maze.h(84): warning:  #1295-D: Deprecated declaration generateRandomValue - give arg types
  int generateRandomValue();
maze.h(89): warning:  #1-D: last line of file ends without a newline
  #endif
player.h(23): warning:  #1-D: last line of file ends without a newline
  #endif
player.c(15): warning:  #111-D: statement is unreachable
          case MOVE_RIGHT: return preparePosition(1, 0); break;
player.c(16): warning:  #111-D: statement is unreachable
          case MOVE_LEFT: return preparePosition(-1, 0); break; 
player.c(17): warning:  #111-D: statement is unreachable
          case MOVE_TOP: return preparePosition(0, -1); break;
player.c(18): warning:  #111-D: statement is unreachable
          case MOVE_DOWN: return preparePosition(0, 1); break;
player.c(39): warning:  #111-D: statement is unreachable
          break;
player.c(47): warning:  #111-D: statement is unreachable
          break;
player.c(55): warning:  #111-D: statement is unreachable
          break; 
player.c(62): warning:  #111-D: statement is unreachable
          break;
player.c(73): warning:  #1-D: last line of file ends without a newline
  }
player.c: 12 warnings, 0 errors
compiling uart.c...
compiling gyro.c...
i2c.h(22): warning:  #1295-D: Deprecated declaration I2CInit - give arg types
  void I2CInit(); 
i2c.h(23): warning:  #1295-D: Deprecated declaration I2CStart - give arg types
  uint8_t I2CStart(); 
i2c.h(26): warning:  #1295-D: Deprecated declaration I2C0_IRQHandler - give arg types
  void I2C0_IRQHandler(); 
i2c.h(27): warning:  #1295-D: Deprecated declaration getReceivedData - give arg types
  volatile int8_t* getReceivedData();
i2c.h(28): warning:  #1295-D: Deprecated declaration I2CStop - give arg types
  void I2CStop(); 
i2c.h(30): warning:  #1-D: last line of file ends without a newline
  #endif
gyro.h(15): warning:  #1295-D: Deprecated declaration initGyro - give arg types
  void initGyro();
gyro.h(18): warning:  #1-D: last line of file ends without a newline
  #endif
gyro.c: 8 warnings, 0 errors
compiling mazeGraphic.c...
maze.h(84): warning:  #1295-D: Deprecated declaration generateRandomValue - give arg types
  int generateRandomValue();
maze.h(89): warning:  #1-D: last line of file ends without a newline
  #endif
player.h(23): warning:  #1-D: last line of file ends without a newline
  #endif
mazeGraphic.h(11): warning:  #1-D: last line of file ends without a newline
  #endif
mazeGraphic.c(53): warning:  #1-D: last line of file ends without a newline
  }
mazeGraphic.c: 5 warnings, 0 errors
compiling i2c.c...
i2c.h(22): warning:  #1295-D: Deprecated declaration I2CInit - give arg types
  void I2CInit(); 
i2c.h(23): warning:  #1295-D: Deprecated declaration I2CStart - give arg types
  uint8_t I2CStart(); 
i2c.h(26): warning:  #1295-D: Deprecated declaration I2C0_IRQHandler - give arg types
  void I2C0_IRQHandler(); 
i2c.h(27): warning:  #1295-D: Deprecated declaration getReceivedData - give arg types
  volatile int8_t* getReceivedData();
i2c.h(28): warning:  #1295-D: Deprecated declaration I2CStop - give arg types
  void I2CStop(); 
i2c.h(30): warning:  #1-D: last line of file ends without a newline
  #endif
uart.h(4): warning:  #1295-D: Deprecated declaration isQueueFull - give arg types
  int isQueueFull();
uart.h(5): warning:  #1295-D: Deprecated declaration isReceiverReady - give arg types
  int isReceiverReady();
uart.h(7): warning:  #1295-D: Deprecated declaration initUart - give arg types
  void initUart();
uart.h(8): warning:  #1295-D: Deprecated declaration initTimer0 - give arg types
  void initTimer0();
uart.h(9): warning:  #1295-D: Deprecated declaration TIMER0_IRQHandler - give arg types
  void TIMER0_IRQHandler();
uart.h(10): warning:  #1295-D: Deprecated declaration initRTC - give arg types
  void initRTC();
uart.h(11): warning:  #1295-D: Deprecated declaration RTC_IRQHandler - give arg types
  void RTC_IRQHandler();
uart.h(13): warning:  #1-D: last line of file ends without a newline
  #endif
i2c.c(241): warning:  #1-D: last line of file ends without a newline
  }   
i2c.c: 15 warnings, 0 errors
compiling Buttons_Open1768.c...
compiling menu.c...
uart.h(4): warning:  #1295-D: Deprecated declaration isQueueFull - give arg types
  int isQueueFull();
uart.h(5): warning:  #1295-D: Deprecated declaration isReceiverReady - give arg types
  int isReceiverReady();
uart.h(7): warning:  #1295-D: Deprecated declaration initUart - give arg types
  void initUart();
uart.h(8): warning:  #1295-D: Deprecated declaration initTimer0 - give arg types
  void initTimer0();
uart.h(9): warning:  #1295-D: Deprecated declaration TIMER0_IRQHandler - give arg types
  void TIMER0_IRQHandler();
uart.h(10): warning:  #1295-D: Deprecated declaration initRTC - give arg types
  void initRTC();
uart.h(11): warning:  #1295-D: Deprecated declaration RTC_IRQHandler - give arg types
  void RTC_IRQHandler();
uart.h(13): warning:  #1-D: last line of file ends without a newline
  #endif
menu.c: 8 warnings, 0 errors
compiling Joystick_Open1768.c...
assembling startup_LPC17xx.s...
compiling LED_Open1768.c...
compiling PIN_LPC17xx.c...
compiling GPIO_LPC17xx.c...
compiling system_LPC17xx.c...
linking...
Program Size: Code=9128 RO-data=3332 RW-data=52 ZI-data=26904  
".\Objects\proj.axf" - 0 Error(s), 73 Warning(s).

<h2>Software Packages used:</h2>

Package Vendor: ARM
                http://www.keil.com/pack/ARM.CMSIS.5.4.0.pack
                ARM.CMSIS.5.4.0
                CMSIS (Cortex Microcontroller Software Interface Standard)
   * Component: CORE Version: 5.1.2

Package Vendor: Keil
                http://www.keil.com/pack/Keil.LPC1700_DFP.2.6.1.pack
                Keil.LPC1700_DFP.2.6.1
                NXP LPC1700 Series Device Support, Drivers and Examples for MCB1700, Open1768 and LPC1788-32
   * Component: Buttons Version: 1.0.0
   * Component: Joystick Version: 1.0.0
   * Component: LED Version: 1.0.0
   * Component: GPIO Version: 1.1.0
   * Component: PIN Version: 1.0.0
   * Component: Startup Version: 1.0.0

Package Vendor: Keil
                http://www.keil.com/pack/Keil.MDK-Middleware.7.8.0.pack
                Keil.MDK-Middleware.7.8.0
                Middleware for Keil MDK-Professional and MDK-Plus
   * Component: Buttons Version: 1.0.0
   * Component: Joystick Version: 1.0.0
   * Component: LED Version: 1.0.0

<h2>Collection of Component include folders:</h2>
  .\RTE\Device\LPC1768
  .\RTE\_Target_1
  C:\Keil_v5\ARM\PACK\ARM\CMSIS\5.4.0\CMSIS\Core\Include
  C:\Keil_v5\ARM\PACK\Keil\LPC1700_DFP\2.6.1\Device\Include
  C:\Keil_v5\ARM\PACK\Keil\LPC1700_DFP\2.6.1\RTE_Driver
  C:\Keil_v5\ARM\PACK\Keil\MDK-Middleware\7.8.0\Board

<h2>Collection of Component Files used:</h2>

   * Component: ::Board Support:Buttons:1.0.0 (API)
      Include file:  Board\Board_Buttons.h

   * Component: ::Board Support:Joystick:1.0.0 (API)
      Include file:  Board\Board_Joystick.h

   * Component: ::Board Support:LED:1.0.0 (API)
      Include file:  Board\Board_LED.h

   * Component: ARM::CMSIS:CORE:5.1.2

   * Component: Keil.Open1768::Board Support:Buttons:1.0.0
      Source file:   Boards\Waveshare\Open1768\Common\Buttons_Open1768.c

   * Component: Keil.Open1768::Board Support:Joystick:1.0.0
      Source file:   Boards\Waveshare\Open1768\Common\Joystick_Open1768.c

   * Component: Keil.Open1768::Board Support:LED:1.0.0
      Source file:   Boards\Waveshare\Open1768\Common\LED_Open1768.c

   * Component: Keil::Device:GPIO:1.1.0
      Include file:  RTE_Driver\GPIO_LPC17xx.h
      Source file:   RTE_Driver\GPIO_LPC17xx.c

   * Component: Keil::Device:PIN:1.0.0
      Include file:  RTE_Driver\PIN_LPC17xx.h
      Source file:   RTE_Driver\PIN_LPC17xx.c

   * Component: Keil::Device:Startup:1.0.0
      Include file:  Device\Include\LPC17xx.h
      Source file:   Device\Source\system_LPC17xx.c
      Include file:  RTE_Driver\Config\RTE_Device.h
      Source file:   Device\Source\ARM\startup_LPC17xx.s
Build Time Elapsed:  00:00:01
</pre>
</body>
</html>
